OpenRAM: Nix devShell (venv on PATH: /home/lukas/Projects/OpenRAM/compiler/.venv)
Sat Sep 19 04:44:48 AM -03 2026: Starting LVS using Netgen /nix/store/h3crgmx1w7h86qjpr131igi7p576mp3x-netgen-1.5.318/bin/netgen
Netgen 1.5.318 compiled on Mon Apr 13 19:03:02 UTC 2026
Warning: netgen command 'format' use fully-qualified name '::netgen::format'
Warning: netgen command 'global' use fully-qualified name '::netgen::global'
Generating JSON file result
Reading netlist file sram_1rw1r_64x256.spice for sram_1rw1r_64x256.spice sram_1rw1r_64x256
Call to undefined subcircuit sky130_fd_pr__pfet_01v8
Creating placeholder cell definition.
Call to undefined subcircuit sky130_fd_pr__nfet_01v8
Creating placeholder cell definition.
Call to undefined subcircuit sky130_fd_pr__special_nfet_latch
Creating placeholder cell definition.
Call to undefined subcircuit sky130_fd_pr__special_pfet_pass
Creating placeholder cell definition.
Reading netlist file sram_1rw1r_64x256.sp for sram_1rw1r_64x256.sp sram_1rw1r_64x256
Call to undefined subcircuit sky130_fd_pr__pfet_01v8
Creating placeholder cell definition.
Call to undefined subcircuit sky130_fd_pr__nfet_01v8
Creating placeholder cell definition.
Call to undefined subcircuit sky130_fd_pr__special_nfet_01v8
Creating placeholder cell definition.
Call to undefined subcircuit sky130_fd_pr__special_nfet_latch
Creating placeholder cell definition.
Call to undefined subcircuit sky130_fd_pr__special_pfet_pass
Creating placeholder cell definition.

Reading setup file setup.tcl

Model sky130_fd_pr__nfet_01v8 pin 1 == 3
No property mult found for device sky130_fd_pr__nfet_01v8
No property sa found for device sky130_fd_pr__nfet_01v8
No property sb found for device sky130_fd_pr__nfet_01v8
No property sd found for device sky130_fd_pr__nfet_01v8
No property nf found for device sky130_fd_pr__nfet_01v8
No property nrd found for device sky130_fd_pr__nfet_01v8
No property nrs found for device sky130_fd_pr__nfet_01v8
No property area found for device sky130_fd_pr__nfet_01v8
No property perim found for device sky130_fd_pr__nfet_01v8
No property topography found for device sky130_fd_pr__nfet_01v8
Model sky130_fd_pr__nfet_01v8 pin 1 == 3
No property as found for device sky130_fd_pr__nfet_01v8
No property ad found for device sky130_fd_pr__nfet_01v8
No property ps found for device sky130_fd_pr__nfet_01v8
No property pd found for device sky130_fd_pr__nfet_01v8
No property mult found for device sky130_fd_pr__nfet_01v8
No property sa found for device sky130_fd_pr__nfet_01v8
No property sb found for device sky130_fd_pr__nfet_01v8
No property sd found for device sky130_fd_pr__nfet_01v8
No property nf found for device sky130_fd_pr__nfet_01v8
No property nrd found for device sky130_fd_pr__nfet_01v8
No property nrs found for device sky130_fd_pr__nfet_01v8
No property area found for device sky130_fd_pr__nfet_01v8
No property perim found for device sky130_fd_pr__nfet_01v8
No property topography found for device sky130_fd_pr__nfet_01v8
Model sky130_fd_pr__pfet_01v8 pin 1 == 3
No property mult found for device sky130_fd_pr__pfet_01v8
No property sa found for device sky130_fd_pr__pfet_01v8
No property sb found for device sky130_fd_pr__pfet_01v8
No property sd found for device sky130_fd_pr__pfet_01v8
No property nf found for device sky130_fd_pr__pfet_01v8
No property nrd found for device sky130_fd_pr__pfet_01v8
No property nrs found for device sky130_fd_pr__pfet_01v8
No property area found for device sky130_fd_pr__pfet_01v8
No property perim found for device sky130_fd_pr__pfet_01v8
No property topography found for device sky130_fd_pr__pfet_01v8
Model sky130_fd_pr__pfet_01v8 pin 1 == 3
No property as found for device sky130_fd_pr__pfet_01v8
No property ad found for device sky130_fd_pr__pfet_01v8
No property ps found for device sky130_fd_pr__pfet_01v8
No property pd found for device sky130_fd_pr__pfet_01v8
No property mult found for device sky130_fd_pr__pfet_01v8
No property sa found for device sky130_fd_pr__pfet_01v8
No property sb found for device sky130_fd_pr__pfet_01v8
No property sd found for device sky130_fd_pr__pfet_01v8
No property nf found for device sky130_fd_pr__pfet_01v8
No property nrd found for device sky130_fd_pr__pfet_01v8
No property nrs found for device sky130_fd_pr__pfet_01v8
No property area found for device sky130_fd_pr__pfet_01v8
No property perim found for device sky130_fd_pr__pfet_01v8
No property topography found for device sky130_fd_pr__pfet_01v8
Model sky130_fd_pr__special_pfet_pass pin 1 == 3
No property mult found for device sky130_fd_pr__special_pfet_pass
No property sa found for device sky130_fd_pr__special_pfet_pass
No property sb found for device sky130_fd_pr__special_pfet_pass
No property sd found for device sky130_fd_pr__special_pfet_pass
No property nf found for device sky130_fd_pr__special_pfet_pass
No property nrd found for device sky130_fd_pr__special_pfet_pass
No property nrs found for device sky130_fd_pr__special_pfet_pass
No property area found for device sky130_fd_pr__special_pfet_pass
No property perim found for device sky130_fd_pr__special_pfet_pass
No property topography found for device sky130_fd_pr__special_pfet_pass
Model sky130_fd_pr__special_pfet_pass pin 1 == 3
No property as found for device sky130_fd_pr__special_pfet_pass
No property ad found for device sky130_fd_pr__special_pfet_pass
No property ps found for device sky130_fd_pr__special_pfet_pass
No property pd found for device sky130_fd_pr__special_pfet_pass
No property mult found for device sky130_fd_pr__special_pfet_pass
No property sa found for device sky130_fd_pr__special_pfet_pass
No property sb found for device sky130_fd_pr__special_pfet_pass
No property sd found for device sky130_fd_pr__special_pfet_pass
No property nf found for device sky130_fd_pr__special_pfet_pass
No property nrd found for device sky130_fd_pr__special_pfet_pass
No property nrs found for device sky130_fd_pr__special_pfet_pass
No property area found for device sky130_fd_pr__special_pfet_pass
No property perim found for device sky130_fd_pr__special_pfet_pass
No property topography found for device sky130_fd_pr__special_pfet_pass
Model sky130_fd_pr__special_nfet_latch pin 1 == 3
No property mult found for device sky130_fd_pr__special_nfet_latch
No property sa found for device sky130_fd_pr__special_nfet_latch
No property sb found for device sky130_fd_pr__special_nfet_latch
No property sd found for device sky130_fd_pr__special_nfet_latch
No property nf found for device sky130_fd_pr__special_nfet_latch
No property nrd found for device sky130_fd_pr__special_nfet_latch
No property nrs found for device sky130_fd_pr__special_nfet_latch
No property area found for device sky130_fd_pr__special_nfet_latch
No property perim found for device sky130_fd_pr__special_nfet_latch
No property topography found for device sky130_fd_pr__special_nfet_latch
Model sky130_fd_pr__special_nfet_latch pin 1 == 3
No property as found for device sky130_fd_pr__special_nfet_latch
No property ad found for device sky130_fd_pr__special_nfet_latch
No property ps found for device sky130_fd_pr__special_nfet_latch
No property pd found for device sky130_fd_pr__special_nfet_latch
No property mult found for device sky130_fd_pr__special_nfet_latch
No property sa found for device sky130_fd_pr__special_nfet_latch
No property sb found for device sky130_fd_pr__special_nfet_latch
No property sd found for device sky130_fd_pr__special_nfet_latch
No property nf found for device sky130_fd_pr__special_nfet_latch
No property nrd found for device sky130_fd_pr__special_nfet_latch
No property nrs found for device sky130_fd_pr__special_nfet_latch
No property area found for device sky130_fd_pr__special_nfet_latch
No property perim found for device sky130_fd_pr__special_nfet_latch
No property topography found for device sky130_fd_pr__special_nfet_latch
Comparison output logged to file sram_1rw1r_64x256.lvs.report
Logging to file "sram_1rw1r_64x256.lvs.report" enabled
Circuit sky130_fd_pr__nfet_01v8 contains no devices.
Circuit sky130_fd_pr__pfet_01v8 contains no devices.
Circuit sky130_fd_pr__special_nfet_latch contains no devices.
Circuit sky130_fd_pr__special_pfet_pass contains no devices.

Contents of circuit 1:  Circuit: 'sram_1rw1r_64x256_pinv_dec'
Circuit sram_1rw1r_64x256_pinv_dec contains 2 device instances.
  Class: sky130_fd_pr__pfet_01v8 instances:   1
  Class: sky130_fd_pr__nfet_01v8 instances:   1
Circuit contains 4 nets.
Contents of circuit 2:  Circuit: 'sram_1rw1r_64x256_pinv_dec'
Circuit sram_1rw1r_64x256_pinv_dec contains 2 device instances.
  Class: sky130_fd_pr__pfet_01v8 instances:   1
  Class: sky130_fd_pr__special_nfet_01v8 instances:   1
Circuit contains 4 nets.

Circuit 1 contains 2 devices, Circuit 2 contains 2 devices.
Circuit 1 contains 4 nets,    Circuit 2 contains 4 nets.

  Flattening non-matched subcircuits sram_1rw1r_64x256_pinv_dec sram_1rw1r_64x256_pinv_dec

Flattening instances of sram_1rw1r_64x256_pinv_dec in file sram_1rw1r_64x256.spice
Flattening instances of sram_1rw1r_64x256_pinv_dec in file sram_1rw1r_64x256.sp

Contents of circuit 1:  Circuit: 'sky130_fd_bd_sram__openram_dp_nand2_dec'
Circuit sky130_fd_bd_sram__openram_dp_nand2_dec contains 4 device instances.
  Class: sky130_fd_pr__pfet_01v8 instances:   2
  Class: sky130_fd_pr__nfet_01v8 instances:   2
Circuit contains 6 nets.
Contents of circuit 2:  Circuit: 'sky130_fd_bd_sram__openram_dp_nand2_dec'
Circuit sky130_fd_bd_sram__openram_dp_nand2_dec contains 4 device instances.
  Class: sky130_fd_pr__pfet_01v8 instances:   2
  Class: sky130_fd_pr__nfet_01v8 instances:   2
Circuit contains 6 nets.

Circuit 1 contains 4 devices, Circuit 2 contains 4 devices.
Circuit 1 contains 6 nets,    Circuit 2 contains 6 nets.


Contents of circuit 1:  Circuit: 'sky130_fd_bd_sram__openram_dp_nand3_dec'
Circuit sky130_fd_bd_sram__openram_dp_nand3_dec contains 6 device instances.
  Class: sky130_fd_pr__pfet_01v8 instances:   3
  Class: sky130_fd_pr__nfet_01v8 instances:   3
Circuit contains 8 nets.
Contents of circuit 2:  Circuit: 'sky130_fd_bd_sram__openram_dp_nand3_dec'
Circuit sky130_fd_bd_sram__openram_dp_nand3_dec contains 6 device instances.
  Class: sky130_fd_pr__pfet_01v8 instances:   3
  Class: sky130_fd_pr__nfet_01v8 instances:   3
Circuit contains 8 nets.

Circuit 1 contains 6 devices, Circuit 2 contains 6 devices.
Circuit 1 contains 8 nets,    Circuit 2 contains 8 nets.


Contents of circuit 1:  Circuit: 'sky130_fd_bd_sram__openram_dp_cell_replica'
Circuit sky130_fd_bd_sram__openram_dp_cell_replica contains 16 device instances.
  Class: sky130_fd_pr__special_pfet_pass instances:   4
  Class: sky130_fd_pr__special_nfet_latch instances:  12
Circuit contains 11 nets.
Contents of circuit 2:  Circuit: 'sky130_fd_bd_sram__openram_dp_cell_replica'
Circuit sky130_fd_bd_sram__openram_dp_cell_replica contains 16 device instances.
  Class: sky130_fd_pr__special_pfet_pass instances:   4
  Class: sky130_fd_pr__special_nfet_latch instances:  12
Circuit contains 9 nets.

Circuit was modified by parallel/series device merging.
New circuit summary:

Contents of circuit 1:  Circuit: 'sky130_fd_bd_sram__openram_dp_cell_replica'
Circuit sky130_fd_bd_sram__openram_dp_cell_replica contains 14 device instances.
  Class: sky130_fd_pr__special_pfet_pass instances:   4
  Class: sky130_fd_pr__special_nfet_latch instances:  10
Circuit contains 11 nets.
Contents of circuit 2:  Circuit: 'sky130_fd_bd_sram__openram_dp_cell_replica'
Circuit sky130_fd_bd_sram__openram_dp_cell_replica contains 12 device instances.
  Class: sky130_fd_pr__special_pfet_pass instances:   4
  Class: sky130_fd_pr__special_nfet_latch instances:   8
Circuit contains 9 nets.

Circuit 1 contains 14 devices, Circuit 2 contains 12 devices. *** MISMATCH ***
Circuit 1 contains 11 nets,    Circuit 2 contains 9 nets. *** MISMATCH ***

  Flattening non-matched subcircuits sky130_fd_bd_sram__openram_dp_cell_replica sky130_fd_bd_sram__openram_dp_cell_replica

Flattening instances of sky130_fd_bd_sram__openram_dp_cell_replica in file sram_1rw1r_64x256.spice
Flattening instances of sky130_fd_bd_sram__openram_dp_cell_replica in file sram_1rw1r_64x256.sp

Contents of circuit 1:  Circuit: 'sky130_fd_bd_sram__openram_dp_cell_dummy'
Circuit sky130_fd_bd_sram__openram_dp_cell_dummy contains 12 device instances.
  Class: sky130_fd_pr__special_nfet_latch instances:  12
Circuit contains 13 nets, and 2 disconnected pins.
Contents of circuit 2:  Circuit: 'sky130_fd_bd_sram__openram_dp_cell_dummy'
Circuit sky130_fd_bd_sram__openram_dp_cell_dummy contains 12 device instances.
  Class: sky130_fd_pr__special_nfet_latch instances:  12
Circuit contains 11 nets, and 1 disconnected pin.

Circuit was modified by parallel/series device merging.
New circuit summary:

Contents of circuit 1:  Circuit: 'sky130_fd_bd_sram__openram_dp_cell_dummy'
Circuit sky130_fd_bd_sram__openram_dp_cell_dummy contains 12 device instances.
  Class: sky130_fd_pr__special_nfet_latch instances:  12
Circuit contains 13 nets, and 2 disconnected pins.
Contents of circuit 2:  Circuit: 'sky130_fd_bd_sram__openram_dp_cell_dummy'
Circuit sky130_fd_bd_sram__openram_dp_cell_dummy contains 10 device instances.
  Class: sky130_fd_pr__special_nfet_latch instances:  10
Circuit contains 11 nets, and 1 disconnected pin.

Circuit 1 contains 12 devices, Circuit 2 contains 10 devices. *** MISMATCH ***
Circuit 1 contains 13 nets,    Circuit 2 contains 11 nets. *** MISMATCH ***

  Flattening non-matched subcircuits sky130_fd_bd_sram__openram_dp_cell_dummy sky130_fd_bd_sram__openram_dp_cell_dummy

Flattening instances of sky130_fd_bd_sram__openram_dp_cell_dummy in file sram_1rw1r_64x256.spice
Flattening instances of sky130_fd_bd_sram__openram_dp_cell_dummy in file sram_1rw1r_64x256.sp

Contents of circuit 1:  Circuit: 'sky130_fd_bd_sram__openram_dp_cell'
Circuit sky130_fd_bd_sram__openram_dp_cell contains 16 device instances.
  Class: sky130_fd_pr__special_pfet_pass instances:   4
  Class: sky130_fd_pr__special_nfet_latch instances:  12
Circuit contains 12 nets.
Contents of circuit 2:  Circuit: 'sky130_fd_bd_sram__openram_dp_cell'
Circuit sky130_fd_bd_sram__openram_dp_cell contains 16 device instances.
  Class: sky130_fd_pr__special_pfet_pass instances:   4
  Class: sky130_fd_pr__special_nfet_latch instances:  12
Circuit contains 10 nets.

Circuit was modified by parallel/series device merging.
New circuit summary:

Contents of circuit 1:  Circuit: 'sky130_fd_bd_sram__openram_dp_cell'
Circuit sky130_fd_bd_sram__openram_dp_cell contains 14 device instances.
  Class: sky130_fd_pr__special_pfet_pass instances:   4
  Class: sky130_fd_pr__special_nfet_latch instances:  10
Circuit contains 12 nets.
Contents of circuit 2:  Circuit: 'sky130_fd_bd_sram__openram_dp_cell'
Circuit sky130_fd_bd_sram__openram_dp_cell contains 12 device instances.
  Class: sky130_fd_pr__special_pfet_pass instances:   4
  Class: sky130_fd_pr__special_nfet_latch instances:   8
Circuit contains 10 nets.

Circuit 1 contains 14 devices, Circuit 2 contains 12 devices. *** MISMATCH ***
Circuit 1 contains 12 nets,    Circuit 2 contains 10 nets. *** MISMATCH ***

  Flattening non-matched subcircuits sky130_fd_bd_sram__openram_dp_cell sky130_fd_bd_sram__openram_dp_cell

Flattening instances of sky130_fd_bd_sram__openram_dp_cell in file sram_1rw1r_64x256.spice
Flattening instances of sky130_fd_bd_sram__openram_dp_cell in file sram_1rw1r_64x256.sp

Contents of circuit 1:  Circuit: 'sram_1rw1r_64x256_and2_dec'
Circuit sram_1rw1r_64x256_and2_dec contains 3 device instances.
  Class: sky130_fd_pr__pfet_01v8 instances:   1
  Class: sky130_fd_bd_sram__openram_dp_nand2_dec instances:   1
  Class: sky130_fd_pr__nfet_01v8 instances:   1
Circuit contains 7 nets.
Contents of circuit 2:  Circuit: 'sram_1rw1r_64x256_and2_dec'
Circuit sram_1rw1r_64x256_and2_dec contains 3 device instances.
  Class: sky130_fd_pr__pfet_01v8 instances:   1
  Class: sky130_fd_bd_sram__openram_dp_nand2_dec instances:   1
  Class: sky130_fd_pr__special_nfet_01v8 instances:   1
Circuit contains 6 nets.

Circuit 1 contains 3 devices, Circuit 2 contains 3 devices.
Circuit 1 contains 7 nets,    Circuit 2 contains 6 nets. *** MISMATCH ***

  Flattening non-matched subcircuits sram_1rw1r_64x256_and2_dec sram_1rw1r_64x256_and2_dec

Flattening instances of sram_1rw1r_64x256_and2_dec in file sram_1rw1r_64x256.spice
Flattening instances of sram_1rw1r_64x256_and2_dec in file sram_1rw1r_64x256.sp

Contents of circuit 1:  Circuit: 'sram_1rw1r_64x256_and3_dec'
Circuit sram_1rw1r_64x256_and3_dec contains 3 device instances.
  Class: sky130_fd_bd_sram__openram_dp_nand3_dec instances:   1
  Class: sky130_fd_pr__pfet_01v8 instances:   1
  Class: sky130_fd_pr__nfet_01v8 instances:   1
Circuit contains 8 nets.
Contents of circuit 2:  Circuit: 'sram_1rw1r_64x256_and3_dec'
Circuit sram_1rw1r_64x256_and3_dec contains 3 device instances.
  Class: sky130_fd_bd_sram__openram_dp_nand3_dec instances:   1
  Class: sky130_fd_pr__pfet_01v8 instances:   1
  Class: sky130_fd_pr__special_nfet_01v8 instances:   1
Circuit contains 7 nets.

Circuit 1 contains 3 devices, Circuit 2 contains 3 devices.
Circuit 1 contains 8 nets,    Circuit 2 contains 7 nets. *** MISMATCH ***

  Flattening non-matched subcircuits sram_1rw1r_64x256_and3_dec sram_1rw1r_64x256_and3_dec

Flattening instances of sram_1rw1r_64x256_and3_dec in file sram_1rw1r_64x256.spice
Flattening instances of sram_1rw1r_64x256_and3_dec in file sram_1rw1r_64x256.sp

Contents of circuit 1:  Circuit: 'sram_1rw1r_64x256_pinv_dec_0'
Circuit sram_1rw1r_64x256_pinv_dec_0 contains 2 device instances.
  Class: sky130_fd_pr__pfet_01v8 instances:   1
  Class: sky130_fd_pr__nfet_01v8 instances:   1
Circuit contains 4 nets.
Contents of circuit 2:  Circuit: 'sram_1rw1r_64x256_pinv_dec_0'
Circuit sram_1rw1r_64x256_pinv_dec_0 contains 2 device instances.
  Class: sky130_fd_pr__pfet_01v8 instances:   1
  Class: sky130_fd_pr__nfet_01v8 instances:   1
Circuit contains 4 nets.

Circuit 1 contains 2 devices, Circuit 2 contains 2 devices.
Circuit 1 contains 4 nets,    Circuit 2 contains 4 nets.


Contents of circuit 1:  Circuit: 'sram_1rw1r_64x256_precharge_0'
Circuit sram_1rw1r_64x256_precharge_0 contains 3 device instances.
  Class: sky130_fd_pr__pfet_01v8 instances:   3
Circuit contains 4 nets.
Contents of circuit 2:  Circuit: 'sram_1rw1r_64x256_precharge_0'
Circuit sram_1rw1r_64x256_precharge_0 contains 3 device instances.
  Class: sky130_fd_pr__pfet_01v8 instances:   3
Circuit contains 4 nets.

Circuit 1 contains 3 devices, Circuit 2 contains 3 devices.
Circuit 1 contains 4 nets,    Circuit 2 contains 4 nets.


Contents of circuit 1:  Circuit: 'sram_1rw1r_64x256_column_mux'
Circuit sram_1rw1r_64x256_column_mux contains 2 device instances.
  Class: sky130_fd_pr__nfet_01v8 instances:   2
Circuit contains 6 nets.
Contents of circuit 2:  Circuit: 'sram_1rw1r_64x256_column_mux'
Circuit sram_1rw1r_64x256_column_mux contains 2 device instances.
  Class: sky130_fd_pr__nfet_01v8 instances:   2
Circuit contains 6 nets.

Circuit 1 contains 2 devices, Circuit 2 contains 2 devices.
Circuit 1 contains 6 nets,    Circuit 2 contains 6 nets.


Contents of circuit 1:  Circuit: 'sky130_fd_bd_sram__openram_sense_amp'
Circuit sky130_fd_bd_sram__openram_sense_amp contains 9 device instances.
  Class: sky130_fd_pr__pfet_01v8 instances:   5
  Class: sky130_fd_pr__nfet_01v8 instances:   4
Circuit contains 10 nets.
Contents of circuit 2:  Circuit: 'sky130_fd_bd_sram__openram_sense_amp'
Circuit sky130_fd_bd_sram__openram_sense_amp contains 9 device instances.
  Class: sky130_fd_pr__pfet_01v8 instances:   5
  Class: sky130_fd_pr__nfet_01v8 instances:   4
Circuit contains 9 nets.

Circuit 1 contains 9 devices, Circuit 2 contains 9 devices.
Circuit 1 contains 10 nets,    Circuit 2 contains 9 nets. *** MISMATCH ***

  Flattening non-matched subcircuits sky130_fd_bd_sram__openram_sense_amp sky130_fd_bd_sram__openram_sense_amp

Flattening instances of sky130_fd_bd_sram__openram_sense_amp in file sram_1rw1r_64x256.spice
Flattening instances of sky130_fd_bd_sram__openram_sense_amp in file sram_1rw1r_64x256.sp

Contents of circuit 1:  Circuit: 'sky130_fd_bd_sram__openram_write_driver'
Circuit sky130_fd_bd_sram__openram_write_driver contains 16 device instances.
  Class: sky130_fd_pr__pfet_01v8 instances:   7
  Class: sky130_fd_pr__nfet_01v8 instances:   9
Circuit contains 14 nets.
Contents of circuit 2:  Circuit: 'sky130_fd_bd_sram__openram_write_driver'
Circuit sky130_fd_bd_sram__openram_write_driver contains 16 device instances.
  Class: sky130_fd_pr__pfet_01v8 instances:   7
  Class: sky130_fd_pr__nfet_01v8 instances:   9
Circuit contains 13 nets.

Circuit 1 contains 16 devices, Circuit 2 contains 16 devices.
Circuit 1 contains 14 nets,    Circuit 2 contains 13 nets. *** MISMATCH ***

  Flattening non-matched subcircuits sky130_fd_bd_sram__openram_write_driver sky130_fd_bd_sram__openram_write_driver

Flattening instances of sky130_fd_bd_sram__openram_write_driver in file sram_1rw1r_64x256.spice
Flattening instances of sky130_fd_bd_sram__openram_write_driver in file sram_1rw1r_64x256.sp

Contents of circuit 1:  Circuit: 'sram_1rw1r_64x256_replica_column'
Circuit sram_1rw1r_64x256_replica_column contains 1818 device instances.
  Class: sky130_fd_pr__special_pfet_pass instances: 516
  Class: sky130_fd_pr__special_nfet_latch instances: 1302
Circuit contains 399 nets.
Contents of circuit 2:  Circuit: 'sram_1rw1r_64x256_replica_column'
Circuit sram_1rw1r_64x256_replica_column contains 1558 device instances.
  Class: sky130_fd_pr__special_pfet_pass instances: 516
  Class: sky130_fd_pr__special_nfet_latch instances: 1042
Circuit contains 399 nets.

Circuit was modified by parallel/series device merging.
New circuit summary:

Contents of circuit 1:  Circuit: 'sram_1rw1r_64x256_replica_column'
Circuit sram_1rw1r_64x256_replica_column contains 1300 device instances.
  Class: sky130_fd_pr__special_pfet_pass instances: 516
  Class: sky130_fd_pr__special_nfet_latch instances: 784
Circuit contains 399 nets.
Contents of circuit 2:  Circuit: 'sram_1rw1r_64x256_replica_column'
Circuit sram_1rw1r_64x256_replica_column contains 1300 device instances.
  Class: sky130_fd_pr__special_pfet_pass instances: 516
  Class: sky130_fd_pr__special_nfet_latch instances: 784
Circuit contains 399 nets.

Circuit 1 contains 1300 devices, Circuit 2 contains 1300 devices.
Circuit 1 contains 399 nets,    Circuit 2 contains 399 nets.


Contents of circuit 1:  Circuit: 'sram_1rw1r_64x256_bitcell_array'
Circuit sram_1rw1r_64x256_bitcell_array contains 229376 device instances.
  Class: sky130_fd_pr__special_pfet_pass instances: 65536
  Class: sky130_fd_pr__special_nfet_latch instances: 163840
Circuit contains 34177 nets.
Contents of circuit 2:  Circuit: 'sram_1rw1r_64x256_bitcell_array'
Circuit sram_1rw1r_64x256_bitcell_array contains 196608 device instances.
  Class: sky130_fd_pr__special_pfet_pass instances: 65536
  Class: sky130_fd_pr__special_nfet_latch instances: 131072
Circuit contains 33538 nets.

Circuit was modified by parallel/series device merging.
New circuit summary:

Contents of circuit 1:  Circuit: 'sram_1rw1r_64x256_bitcell_array'
Circuit sram_1rw1r_64x256_bitcell_array contains 164608 device instances.
  Class: sky130_fd_pr__special_pfet_pass instances: 65536
  Class: sky130_fd_pr__special_nfet_latch instances: 99072
Circuit contains 34177 nets.
Contents of circuit 2:  Circuit: 'sram_1rw1r_64x256_bitcell_array'
Circuit sram_1rw1r_64x256_bitcell_array contains 164096 device instances.
  Class: sky130_fd_pr__special_pfet_pass instances: 65536
  Class: sky130_fd_pr__special_nfet_latch instances: 98560
Circuit contains 33538 nets.

Circuit 1 contains 164608 devices, Circuit 2 contains 164096 devices. *** MISMATCH ***
Circuit 1 contains 34177 nets,    Circuit 2 contains 33538 nets. *** MISMATCH ***

  Flattening non-matched subcircuits sram_1rw1r_64x256_bitcell_array sram_1rw1r_64x256_bitcell_array

Flattening instances of sram_1rw1r_64x256_bitcell_array in file sram_1rw1r_64x256.spice
Flattening instances of sram_1rw1r_64x256_bitcell_array in file sram_1rw1r_64x256.sp

Contents of circuit 1:  Circuit: 'sram_1rw1r_64x256_dummy_array'
Circuit sram_1rw1r_64x256_dummy_array contains 1536 device instances.
  Class: sky130_fd_pr__special_nfet_latch instances: 1536
Circuit contains 1283 nets, and 256 disconnected pins.
Contents of circuit 2:  Circuit: 'sram_1rw1r_64x256_dummy_array'
Circuit sram_1rw1r_64x256_dummy_array contains 1280 device instances.
  Class: sky130_fd_pr__special_nfet_latch instances: 1280
Circuit contains 1027 nets, and 1 disconnected pin.

Circuit 1 contains 1536 devices, Circuit 2 contains 1280 devices. *** MISMATCH ***
Circuit 1 contains 1283 nets,    Circuit 2 contains 1027 nets. *** MISMATCH ***

  Flattening non-matched subcircuits sram_1rw1r_64x256_dummy_array sram_1rw1r_64x256_dummy_array

Flattening instances of sram_1rw1r_64x256_dummy_array in file sram_1rw1r_64x256.spice
Flattening instances of sram_1rw1r_64x256_dummy_array in file sram_1rw1r_64x256.sp

Contents of circuit 1:  Circuit: 'sram_1rw1r_64x256_replica_column_0'
Circuit sram_1rw1r_64x256_replica_column_0 contains 1818 device instances.
  Class: sky130_fd_pr__special_pfet_pass instances: 516
  Class: sky130_fd_pr__special_nfet_latch instances: 1302
Circuit contains 399 nets.
Contents of circuit 2:  Circuit: 'sram_1rw1r_64x256_replica_column_0'
Circuit sram_1rw1r_64x256_replica_column_0 contains 1558 device instances.
  Class: sky130_fd_pr__special_pfet_pass instances: 516
  Class: sky130_fd_pr__special_nfet_latch instances: 1042
Circuit contains 399 nets.

Circuit was modified by parallel/series device merging.
New circuit summary:

Contents of circuit 1:  Circuit: 'sram_1rw1r_64x256_replica_column_0'
Circuit sram_1rw1r_64x256_replica_column_0 contains 1300 device instances.
  Class: sky130_fd_pr__special_pfet_pass instances: 516
  Class: sky130_fd_pr__special_nfet_latch instances: 784
Circuit contains 399 nets.
Contents of circuit 2:  Circuit: 'sram_1rw1r_64x256_replica_column_0'
Circuit sram_1rw1r_64x256_replica_column_0 contains 1300 device instances.
  Class: sky130_fd_pr__special_pfet_pass instances: 516
  Class: sky130_fd_pr__special_nfet_latch instances: 784
Circuit contains 399 nets.

Circuit 1 contains 1300 devices, Circuit 2 contains 1300 devices.
Circuit 1 contains 399 nets,    Circuit 2 contains 399 nets.


Contents of circuit 1:  Circuit: 'sram_1rw1r_64x256_hierarchical_predecode2x4'
Circuit sram_1rw1r_64x256_hierarchical_predecode2x4 contains 16 device instances.
  Class: sky130_fd_pr__pfet_01v8 instances:   6
  Class: sky130_fd_bd_sram__openram_dp_nand2_dec instances:   4
  Class: sky130_fd_pr__nfet_01v8 instances:   6
Circuit contains 16 nets.
Contents of circuit 2:  Circuit: 'sram_1rw1r_64x256_hierarchical_predecode2x4'
Circuit sram_1rw1r_64x256_hierarchical_predecode2x4 contains 16 device instances.
  Class: sky130_fd_pr__pfet_01v8 instances:   6
  Class: sky130_fd_bd_sram__openram_dp_nand2_dec instances:   4
  Class: sky130_fd_pr__special_nfet_01v8 instances:   6
Circuit contains 14 nets.

Circuit 1 contains 16 devices, Circuit 2 contains 16 devices.
Circuit 1 contains 16 nets,    Circuit 2 contains 14 nets. *** MISMATCH ***

  Flattening non-matched subcircuits sram_1rw1r_64x256_hierarchical_predecode2x4 sram_1rw1r_64x256_hierarchical_predecode2x4

Flattening instances of sram_1rw1r_64x256_hierarchical_predecode2x4 in file sram_1rw1r_64x256.spice
Flattening instances of sram_1rw1r_64x256_hierarchical_predecode2x4 in file sram_1rw1r_64x256.sp

Contents of circuit 1:  Circuit: 'sram_1rw1r_64x256_hierarchical_predecode3x8'
Circuit sram_1rw1r_64x256_hierarchical_predecode3x8 contains 30 device instances.
  Class: sky130_fd_bd_sram__openram_dp_nand3_dec instances:   8
  Class: sky130_fd_pr__pfet_01v8 instances:  11
  Class: sky130_fd_pr__nfet_01v8 instances:  11
Circuit contains 26 nets.
Contents of circuit 2:  Circuit: 'sram_1rw1r_64x256_hierarchical_predecode3x8'
Circuit sram_1rw1r_64x256_hierarchical_predecode3x8 contains 30 device instances.
  Class: sky130_fd_bd_sram__openram_dp_nand3_dec instances:   8
  Class: sky130_fd_pr__pfet_01v8 instances:  11
  Class: sky130_fd_pr__special_nfet_01v8 instances:  11
Circuit contains 24 nets.

Circuit 1 contains 30 devices, Circuit 2 contains 30 devices.
Circuit 1 contains 26 nets,    Circuit 2 contains 24 nets. *** MISMATCH ***

  Flattening non-matched subcircuits sram_1rw1r_64x256_hierarchical_predecode3x8 sram_1rw1r_64x256_hierarchical_predecode3x8

Flattening instances of sram_1rw1r_64x256_hierarchical_predecode3x8 in file sram_1rw1r_64x256.spice
Flattening instances of sram_1rw1r_64x256_hierarchical_predecode3x8 in file sram_1rw1r_64x256.sp

Contents of circuit 1:  Circuit: 'sram_1rw1r_64x256_wordline_driver'
Circuit sram_1rw1r_64x256_wordline_driver contains 2 device instances.
  Class: sram_1rw1r_64x256_pinv_dec_0 instances:   1
  Class: sky130_fd_bd_sram__openram_dp_nand2_dec instances:   1
Circuit contains 7 nets.
Contents of circuit 2:  Circuit: 'sram_1rw1r_64x256_wordline_driver'
Circuit sram_1rw1r_64x256_wordline_driver contains 2 device instances.
  Class: sram_1rw1r_64x256_pinv_dec_0 instances:   1
  Class: sky130_fd_bd_sram__openram_dp_nand2_dec instances:   1
Circuit contains 6 nets.

Circuit 1 contains 2 devices, Circuit 2 contains 2 devices.
Circuit 1 contains 7 nets,    Circuit 2 contains 6 nets. *** MISMATCH ***

  Flattening non-matched subcircuits sram_1rw1r_64x256_wordline_driver sram_1rw1r_64x256_wordline_driver

Flattening instances of sram_1rw1r_64x256_wordline_driver in file sram_1rw1r_64x256.spice
Flattening instances of sram_1rw1r_64x256_wordline_driver in file sram_1rw1r_64x256.sp

Contents of circuit 1:  Circuit: 'sram_1rw1r_64x256_column_mux_0'
Circuit sram_1rw1r_64x256_column_mux_0 contains 2 device instances.
  Class: sky130_fd_pr__nfet_01v8 instances:   2
Circuit contains 6 nets.
Contents of circuit 2:  Circuit: 'sram_1rw1r_64x256_column_mux_0'
Circuit sram_1rw1r_64x256_column_mux_0 contains 2 device instances.
  Class: sky130_fd_pr__nfet_01v8 instances:   2
Circuit contains 6 nets.

Circuit 1 contains 2 devices, Circuit 2 contains 2 devices.
Circuit 1 contains 6 nets,    Circuit 2 contains 6 nets.


Contents of circuit 1:  Circuit: 'sram_1rw1r_64x256_precharge_1'
Circuit sram_1rw1r_64x256_precharge_1 contains 3 device instances.
  Class: sky130_fd_pr__pfet_01v8 instances:   3
Circuit contains 4 nets.
Contents of circuit 2:  Circuit: 'sram_1rw1r_64x256_precharge_1'
Circuit sram_1rw1r_64x256_precharge_1 contains 3 device instances.
  Class: sky130_fd_pr__pfet_01v8 instances:   3
Circuit contains 4 nets.

Circuit 1 contains 3 devices, Circuit 2 contains 3 devices.
Circuit 1 contains 4 nets,    Circuit 2 contains 4 nets.


Contents of circuit 1:  Circuit: 'sram_1rw1r_64x256_pinv_0'
Circuit sram_1rw1r_64x256_pinv_0 contains 4 device instances.
  Class: sky130_fd_pr__pfet_01v8 instances:   2
  Class: sky130_fd_pr__nfet_01v8 instances:   2
Circuit contains 4 nets.
Contents of circuit 2:  Circuit: 'sram_1rw1r_64x256_pinv_0'
Circuit sram_1rw1r_64x256_pinv_0 contains 2 device instances.
  Class: sky130_fd_pr__pfet_01v8 instances:   1
  Class: sky130_fd_pr__nfet_01v8 instances:   1
Circuit contains 4 nets.

Circuit was modified by parallel/series device merging.
New circuit summary:

Contents of circuit 1:  Circuit: 'sram_1rw1r_64x256_pinv_0'
Circuit sram_1rw1r_64x256_pinv_0 contains 2 device instances.
  Class: sky130_fd_pr__pfet_01v8 instances:   1
  Class: sky130_fd_pr__nfet_01v8 instances:   1
Circuit contains 4 nets.
Contents of circuit 2:  Circuit: 'sram_1rw1r_64x256_pinv_0'
Circuit sram_1rw1r_64x256_pinv_0 contains 2 device instances.
  Class: sky130_fd_pr__pfet_01v8 instances:   1
  Class: sky130_fd_pr__nfet_01v8 instances:   1
Circuit contains 4 nets.

Circuit 1 contains 2 devices, Circuit 2 contains 2 devices.
Circuit 1 contains 4 nets,    Circuit 2 contains 4 nets.


Contents of circuit 1:  Circuit: 'sram_1rw1r_64x256_pinv'
Circuit sram_1rw1r_64x256_pinv contains 2 device instances.
  Class: sky130_fd_pr__pfet_01v8 instances:   1
  Class: sky130_fd_pr__nfet_01v8 instances:   1
Circuit contains 4 nets.
Contents of circuit 2:  Circuit: 'sram_1rw1r_64x256_pinv'
Circuit sram_1rw1r_64x256_pinv contains 2 device instances.
  Class: sky130_fd_pr__pfet_01v8 instances:   1
  Class: sky130_fd_pr__special_nfet_01v8 instances:   1
Circuit contains 4 nets.

Circuit 1 contains 2 devices, Circuit 2 contains 2 devices.
Circuit 1 contains 4 nets,    Circuit 2 contains 4 nets.

  Flattening non-matched subcircuits sram_1rw1r_64x256_pinv sram_1rw1r_64x256_pinv

Flattening instances of sram_1rw1r_64x256_pinv in file sram_1rw1r_64x256.spice
Flattening instances of sram_1rw1r_64x256_pinv in file sram_1rw1r_64x256.sp

Contents of circuit 1:  Circuit: 'sram_1rw1r_64x256_pinv_1'
Circuit sram_1rw1r_64x256_pinv_1 contains 6 device instances.
  Class: sky130_fd_pr__pfet_01v8 instances:   3
  Class: sky130_fd_pr__nfet_01v8 instances:   3
Circuit contains 4 nets.
Contents of circuit 2:  Circuit: 'sram_1rw1r_64x256_pinv_1'
Circuit sram_1rw1r_64x256_pinv_1 contains 2 device instances.
  Class: sky130_fd_pr__pfet_01v8 instances:   1
  Class: sky130_fd_pr__nfet_01v8 instances:   1
Circuit contains 4 nets.

Circuit was modified by parallel/series device merging.
New circuit summary:

Contents of circuit 1:  Circuit: 'sram_1rw1r_64x256_pinv_1'
Circuit sram_1rw1r_64x256_pinv_1 contains 2 device instances.
  Class: sky130_fd_pr__pfet_01v8 instances:   1
  Class: sky130_fd_pr__nfet_01v8 instances:   1
Circuit contains 4 nets.
Contents of circuit 2:  Circuit: 'sram_1rw1r_64x256_pinv_1'
Circuit sram_1rw1r_64x256_pinv_1 contains 2 device instances.
  Class: sky130_fd_pr__pfet_01v8 instances:   1
  Class: sky130_fd_pr__nfet_01v8 instances:   1
Circuit contains 4 nets.

Circuit 1 contains 2 devices, Circuit 2 contains 2 devices.
Circuit 1 contains 4 nets,    Circuit 2 contains 4 nets.


Contents of circuit 1:  Circuit: 'sram_1rw1r_64x256_pinv_11'
Circuit sram_1rw1r_64x256_pinv_11 contains 78 device instances.
  Class: sky130_fd_pr__pfet_01v8 instances:  39
  Class: sky130_fd_pr__nfet_01v8 instances:  39
Circuit contains 4 nets.
Contents of circuit 2:  Circuit: 'sram_1rw1r_64x256_pinv_11'
Circuit sram_1rw1r_64x256_pinv_11 contains 2 device instances.
  Class: sky130_fd_pr__pfet_01v8 instances:   1
  Class: sky130_fd_pr__nfet_01v8 instances:   1
Circuit contains 4 nets.

Circuit was modified by parallel/series device merging.
New circuit summary:

Contents of circuit 1:  Circuit: 'sram_1rw1r_64x256_pinv_11'
Circuit sram_1rw1r_64x256_pinv_11 contains 2 device instances.
  Class: sky130_fd_pr__pfet_01v8 instances:   1
  Class: sky130_fd_pr__nfet_01v8 instances:   1
Circuit contains 4 nets.
Contents of circuit 2:  Circuit: 'sram_1rw1r_64x256_pinv_11'
Circuit sram_1rw1r_64x256_pinv_11 contains 2 device instances.
  Class: sky130_fd_pr__pfet_01v8 instances:   1
  Class: sky130_fd_pr__nfet_01v8 instances:   1
Circuit contains 4 nets.

Circuit 1 contains 2 devices, Circuit 2 contains 2 devices.
Circuit 1 contains 4 nets,    Circuit 2 contains 4 nets.


Contents of circuit 1:  Circuit: 'sky130_fd_bd_sram__openram_dff'
Circuit sky130_fd_bd_sram__openram_dff contains 22 device instances.
  Class: sky130_fd_pr__pfet_01v8 instances:  11
  Class: sky130_fd_pr__nfet_01v8 instances:  11
Circuit contains 17 nets.
Contents of circuit 2:  Circuit: 'sky130_fd_bd_sram__openram_dff'
Circuit sky130_fd_bd_sram__openram_dff contains 22 device instances.
  Class: sky130_fd_pr__pfet_01v8 instances:  11
  Class: sky130_fd_pr__nfet_01v8 instances:  11
Circuit contains 17 nets.

Circuit 1 contains 22 devices, Circuit 2 contains 22 devices.
Circuit 1 contains 17 nets,    Circuit 2 contains 17 nets.


Contents of circuit 1:  Circuit: 'sram_1rw1r_64x256_pinv_2'
Circuit sram_1rw1r_64x256_pinv_2 contains 14 device instances.
  Class: sky130_fd_pr__pfet_01v8 instances:   7
  Class: sky130_fd_pr__nfet_01v8 instances:   7
Circuit contains 4 nets.
Contents of circuit 2:  Circuit: 'sram_1rw1r_64x256_pinv_2'
Circuit sram_1rw1r_64x256_pinv_2 contains 2 device instances.
  Class: sky130_fd_pr__pfet_01v8 instances:   1
  Class: sky130_fd_pr__nfet_01v8 instances:   1
Circuit contains 4 nets.

Circuit was modified by parallel/series device merging.
New circuit summary:

Contents of circuit 1:  Circuit: 'sram_1rw1r_64x256_pinv_2'
Circuit sram_1rw1r_64x256_pinv_2 contains 2 device instances.
  Class: sky130_fd_pr__pfet_01v8 instances:   1
  Class: sky130_fd_pr__nfet_01v8 instances:   1
Circuit contains 4 nets.
Contents of circuit 2:  Circuit: 'sram_1rw1r_64x256_pinv_2'
Circuit sram_1rw1r_64x256_pinv_2 contains 2 device instances.
  Class: sky130_fd_pr__pfet_01v8 instances:   1
  Class: sky130_fd_pr__nfet_01v8 instances:   1
Circuit contains 4 nets.

Circuit 1 contains 2 devices, Circuit 2 contains 2 devices.
Circuit 1 contains 4 nets,    Circuit 2 contains 4 nets.


Contents of circuit 1:  Circuit: 'sram_1rw1r_64x256_pinv_12'
Circuit sram_1rw1r_64x256_pinv_12 contains 70 device instances.
  Class: sky130_fd_pr__pfet_01v8 instances:  35
  Class: sky130_fd_pr__nfet_01v8 instances:  35
Circuit contains 4 nets.
Contents of circuit 2:  Circuit: 'sram_1rw1r_64x256_pinv_12'
Circuit sram_1rw1r_64x256_pinv_12 contains 2 device instances.
  Class: sky130_fd_pr__pfet_01v8 instances:   1
  Class: sky130_fd_pr__nfet_01v8 instances:   1
Circuit contains 4 nets.

Circuit was modified by parallel/series device merging.
New circuit summary:

Contents of circuit 1:  Circuit: 'sram_1rw1r_64x256_pinv_12'
Circuit sram_1rw1r_64x256_pinv_12 contains 2 device instances.
  Class: sky130_fd_pr__pfet_01v8 instances:   1
  Class: sky130_fd_pr__nfet_01v8 instances:   1
Circuit contains 4 nets.
Contents of circuit 2:  Circuit: 'sram_1rw1r_64x256_pinv_12'
Circuit sram_1rw1r_64x256_pinv_12 contains 2 device instances.
  Class: sky130_fd_pr__pfet_01v8 instances:   1
  Class: sky130_fd_pr__nfet_01v8 instances:   1
Circuit contains 4 nets.

Circuit 1 contains 2 devices, Circuit 2 contains 2 devices.
Circuit 1 contains 4 nets,    Circuit 2 contains 4 nets.


Contents of circuit 1:  Circuit: 'sram_1rw1r_64x256_precharge_array'
Circuit sram_1rw1r_64x256_precharge_array contains 129 device instances.
  Class: sram_1rw1r_64x256_precharge_0 instances: 129
Circuit contains 260 nets.
Contents of circuit 2:  Circuit: 'sram_1rw1r_64x256_precharge_array'
Circuit sram_1rw1r_64x256_precharge_array contains 129 device instances.
  Class: sram_1rw1r_64x256_precharge_0 instances: 129
Circuit contains 260 nets.

Circuit 1 contains 129 devices, Circuit 2 contains 129 devices.
Circuit 1 contains 260 nets,    Circuit 2 contains 260 nets.


Contents of circuit 1:  Circuit: 'sram_1rw1r_64x256_column_mux_array'
Circuit sram_1rw1r_64x256_column_mux_array contains 128 device instances.
  Class: sram_1rw1r_64x256_column_mux instances: 128
Circuit contains 387 nets.
Contents of circuit 2:  Circuit: 'sram_1rw1r_64x256_column_mux_array'
Circuit sram_1rw1r_64x256_column_mux_array contains 128 device instances.
  Class: sram_1rw1r_64x256_column_mux instances: 128
Circuit contains 387 nets.

Circuit 1 contains 128 devices, Circuit 2 contains 128 devices.
Circuit 1 contains 387 nets,    Circuit 2 contains 387 nets.


Contents of circuit 1:  Circuit: 'sram_1rw1r_64x256_sense_amp_array'
Circuit sram_1rw1r_64x256_sense_amp_array contains 576 device instances.
  Class: sky130_fd_pr__pfet_01v8 instances: 320
  Class: sky130_fd_pr__nfet_01v8 instances: 256
Circuit contains 388 nets.
Contents of circuit 2:  Circuit: 'sram_1rw1r_64x256_sense_amp_array'
Circuit sram_1rw1r_64x256_sense_amp_array contains 576 device instances.
  Class: sky130_fd_pr__pfet_01v8 instances: 320
  Class: sky130_fd_pr__nfet_01v8 instances: 256
Circuit contains 387 nets.

Circuit 1 contains 576 devices, Circuit 2 contains 576 devices.
Circuit 1 contains 388 nets,    Circuit 2 contains 387 nets. *** MISMATCH ***

  Flattening non-matched subcircuits sram_1rw1r_64x256_sense_amp_array sram_1rw1r_64x256_sense_amp_array

Flattening instances of sram_1rw1r_64x256_sense_amp_array in file sram_1rw1r_64x256.spice
Flattening instances of sram_1rw1r_64x256_sense_amp_array in file sram_1rw1r_64x256.sp

Contents of circuit 1:  Circuit: 'sram_1rw1r_64x256_write_driver_array'
Circuit sram_1rw1r_64x256_write_driver_array contains 1024 device instances.
  Class: sky130_fd_pr__pfet_01v8 instances: 448
  Class: sky130_fd_pr__nfet_01v8 instances: 576
Circuit contains 644 nets.
Contents of circuit 2:  Circuit: 'sram_1rw1r_64x256_write_driver_array'
Circuit sram_1rw1r_64x256_write_driver_array contains 1024 device instances.
  Class: sky130_fd_pr__pfet_01v8 instances: 448
  Class: sky130_fd_pr__nfet_01v8 instances: 576
Circuit contains 643 nets.

Circuit 1 contains 1024 devices, Circuit 2 contains 1024 devices.
Circuit 1 contains 644 nets,    Circuit 2 contains 643 nets. *** MISMATCH ***

  Flattening non-matched subcircuits sram_1rw1r_64x256_write_driver_array sram_1rw1r_64x256_write_driver_array

Flattening instances of sram_1rw1r_64x256_write_driver_array in file sram_1rw1r_64x256.spice
Flattening instances of sram_1rw1r_64x256_write_driver_array in file sram_1rw1r_64x256.sp

Contents of circuit 1:  Circuit: 'sram_1rw1r_64x256_replica_bitcell_array'
Circuit sram_1rw1r_64x256_replica_bitcell_array contains 167682 device instances.
  Class: sky130_fd_pr__special_pfet_pass instances: 65536
  Class: sky130_fd_pr__special_nfet_latch instances: 102144
  Class: sram_1rw1r_64x256_replica_column instances:   1
  Class: sram_1rw1r_64x256_replica_column_0 instances:   1
Circuit contains 34703 nets.
Contents of circuit 2:  Circuit: 'sram_1rw1r_64x256_replica_bitcell_array'
Circuit sram_1rw1r_64x256_replica_bitcell_array contains 166658 device instances.
  Class: sky130_fd_pr__special_pfet_pass instances: 65536
  Class: sky130_fd_pr__special_nfet_latch instances: 101120
  Class: sram_1rw1r_64x256_replica_column instances:   1
  Class: sram_1rw1r_64x256_replica_column_0 instances:   1
Circuit contains 34574 nets.

Circuit was modified by parallel/series device merging.
New circuit summary:

Contents of circuit 1:  Circuit: 'sram_1rw1r_64x256_replica_bitcell_array'
Circuit sram_1rw1r_64x256_replica_bitcell_array contains 166146 device instances.
  Class: sky130_fd_pr__special_pfet_pass instances: 65536
  Class: sky130_fd_pr__special_nfet_latch instances: 100608
  Class: sram_1rw1r_64x256_replica_column instances:   1
  Class: sram_1rw1r_64x256_replica_column_0 instances:   1
Circuit contains 34703 nets.
Contents of circuit 2:  Circuit: 'sram_1rw1r_64x256_replica_bitcell_array'
Circuit sram_1rw1r_64x256_replica_bitcell_array contains 166146 device instances.
  Class: sky130_fd_pr__special_pfet_pass instances: 65536
  Class: sky130_fd_pr__special_nfet_latch instances: 100608
  Class: sram_1rw1r_64x256_replica_column instances:   1
  Class: sram_1rw1r_64x256_replica_column_0 instances:   1
Circuit contains 34574 nets.

Circuit 1 contains 166146 devices, Circuit 2 contains 166146 devices.
Circuit 1 contains 34703 nets,    Circuit 2 contains 34574 nets. *** MISMATCH ***

  Flattening non-matched subcircuits sram_1rw1r_64x256_replica_bitcell_array sram_1rw1r_64x256_replica_bitcell_array

Flattening instances of sram_1rw1r_64x256_replica_bitcell_array in file sram_1rw1r_64x256.spice
Flattening instances of sram_1rw1r_64x256_replica_bitcell_array in file sram_1rw1r_64x256.sp

Contents of circuit 1:  Circuit: 'sram_1rw1r_64x256_and2_dec_0'
Circuit sram_1rw1r_64x256_and2_dec_0 contains 2 device instances.
  Class: sram_1rw1r_64x256_pinv_dec_0 instances:   1
  Class: sky130_fd_bd_sram__openram_dp_nand2_dec instances:   1
Circuit contains 7 nets.
Contents of circuit 2:  Circuit: 'sram_1rw1r_64x256_and2_dec_0'
Circuit sram_1rw1r_64x256_and2_dec_0 contains 2 device instances.
  Class: sram_1rw1r_64x256_pinv_dec_0 instances:   1
  Class: sky130_fd_bd_sram__openram_dp_nand2_dec instances:   1
Circuit contains 6 nets.

Circuit 1 contains 2 devices, Circuit 2 contains 2 devices.
Circuit 1 contains 7 nets,    Circuit 2 contains 6 nets. *** MISMATCH ***

  Flattening non-matched subcircuits sram_1rw1r_64x256_and2_dec_0 sram_1rw1r_64x256_and2_dec_0

Flattening instances of sram_1rw1r_64x256_and2_dec_0 in file sram_1rw1r_64x256.spice
Flattening instances of sram_1rw1r_64x256_and2_dec_0 in file sram_1rw1r_64x256.sp

Contents of circuit 1:  Circuit: 'sram_1rw1r_64x256_hierarchical_decoder'
Circuit sram_1rw1r_64x256_hierarchical_decoder contains 446 device instances.
  Class: sky130_fd_bd_sram__openram_dp_nand3_dec instances: 136
  Class: sky130_fd_pr__pfet_01v8 instances: 151
  Class: sky130_fd_bd_sram__openram_dp_nand2_dec instances:   8
  Class: sky130_fd_pr__nfet_01v8 instances: 151
Circuit contains 314 nets.
Contents of circuit 2:  Circuit: 'sram_1rw1r_64x256_hierarchical_decoder'
Circuit sram_1rw1r_64x256_hierarchical_decoder contains 446 device instances.
  Class: sky130_fd_bd_sram__openram_dp_nand3_dec instances: 136
  Class: sky130_fd_pr__pfet_01v8 instances: 151
  Class: sky130_fd_bd_sram__openram_dp_nand2_dec instances:   8
  Class: sky130_fd_pr__special_nfet_01v8 instances: 151
Circuit contains 304 nets.

Circuit 1 contains 446 devices, Circuit 2 contains 446 devices.
Circuit 1 contains 314 nets,    Circuit 2 contains 304 nets. *** MISMATCH ***

  Flattening non-matched subcircuits sram_1rw1r_64x256_hierarchical_decoder sram_1rw1r_64x256_hierarchical_decoder

Flattening instances of sram_1rw1r_64x256_hierarchical_decoder in file sram_1rw1r_64x256.spice
Flattening instances of sram_1rw1r_64x256_hierarchical_decoder in file sram_1rw1r_64x256.sp

Contents of circuit 1:  Circuit: 'sram_1rw1r_64x256_wordline_driver_array'
Circuit sram_1rw1r_64x256_wordline_driver_array contains 256 device instances.
  Class: sram_1rw1r_64x256_pinv_dec_0 instances: 128
  Class: sky130_fd_bd_sram__openram_dp_nand2_dec instances: 128
Circuit contains 388 nets.
Contents of circuit 2:  Circuit: 'sram_1rw1r_64x256_wordline_driver_array'
Circuit sram_1rw1r_64x256_wordline_driver_array contains 256 device instances.
  Class: sram_1rw1r_64x256_pinv_dec_0 instances: 128
  Class: sky130_fd_bd_sram__openram_dp_nand2_dec instances: 128
Circuit contains 387 nets.

Circuit 1 contains 256 devices, Circuit 2 contains 256 devices.
Circuit 1 contains 388 nets,    Circuit 2 contains 387 nets. *** MISMATCH ***

  Flattening non-matched subcircuits sram_1rw1r_64x256_wordline_driver_array sram_1rw1r_64x256_wordline_driver_array

Flattening instances of sram_1rw1r_64x256_wordline_driver_array in file sram_1rw1r_64x256.spice
Flattening instances of sram_1rw1r_64x256_wordline_driver_array in file sram_1rw1r_64x256.sp

Contents of circuit 1:  Circuit: 'sram_1rw1r_64x256_column_mux_array_0'
Circuit sram_1rw1r_64x256_column_mux_array_0 contains 128 device instances.
  Class: sram_1rw1r_64x256_column_mux_0 instances: 128
Circuit contains 387 nets.
Contents of circuit 2:  Circuit: 'sram_1rw1r_64x256_column_mux_array_0'
Circuit sram_1rw1r_64x256_column_mux_array_0 contains 128 device instances.
  Class: sram_1rw1r_64x256_column_mux_0 instances: 128
Circuit contains 387 nets.

Circuit 1 contains 128 devices, Circuit 2 contains 128 devices.
Circuit 1 contains 387 nets,    Circuit 2 contains 387 nets.


Contents of circuit 1:  Circuit: 'sram_1rw1r_64x256_precharge_array_0'
Circuit sram_1rw1r_64x256_precharge_array_0 contains 129 device instances.
  Class: sram_1rw1r_64x256_precharge_1 instances: 129
Circuit contains 260 nets.
Contents of circuit 2:  Circuit: 'sram_1rw1r_64x256_precharge_array_0'
Circuit sram_1rw1r_64x256_precharge_array_0 contains 129 device instances.
  Class: sram_1rw1r_64x256_precharge_1 instances: 129
Circuit contains 260 nets.

Circuit 1 contains 129 devices, Circuit 2 contains 129 devices.
Circuit 1 contains 260 nets,    Circuit 2 contains 260 nets.


Contents of circuit 1:  Circuit: 'sram_1rw1r_64x256_pinvbuf'
Circuit sram_1rw1r_64x256_pinvbuf contains 5 device instances.
  Class: sky130_fd_pr__pfet_01v8 instances:   1
  Class: sram_1rw1r_64x256_pinv_0 instances:   1
  Class: sky130_fd_pr__nfet_01v8 instances:   1
  Class: sram_1rw1r_64x256_pinv_1 instances:   2
Circuit contains 7 nets.
Contents of circuit 2:  Circuit: 'sram_1rw1r_64x256_pinvbuf'
Circuit sram_1rw1r_64x256_pinvbuf contains 5 device instances.
  Class: sky130_fd_pr__pfet_01v8 instances:   1
  Class: sram_1rw1r_64x256_pinv_0 instances:   1
  Class: sram_1rw1r_64x256_pinv_1 instances:   2
  Class: sky130_fd_pr__special_nfet_01v8 instances:   1
Circuit contains 7 nets.

Circuit 1 contains 5 devices, Circuit 2 contains 5 devices.
Circuit 1 contains 7 nets,    Circuit 2 contains 7 nets.

  Flattening non-matched subcircuits sram_1rw1r_64x256_pinvbuf sram_1rw1r_64x256_pinvbuf

Flattening instances of sram_1rw1r_64x256_pinvbuf in file sram_1rw1r_64x256.spice
Flattening instances of sram_1rw1r_64x256_pinvbuf in file sram_1rw1r_64x256.sp

Contents of circuit 1:  Circuit: 'sram_1rw1r_64x256_pnand3'
Circuit sram_1rw1r_64x256_pnand3 contains 6 device instances.
  Class: sky130_fd_pr__pfet_01v8 instances:   3
  Class: sky130_fd_pr__nfet_01v8 instances:   3
Circuit contains 9 nets.
Contents of circuit 2:  Circuit: 'sram_1rw1r_64x256_pnand3'
Circuit sram_1rw1r_64x256_pnand3 contains 6 device instances.
  Class: sky130_fd_pr__pfet_01v8 instances:   3
  Class: sky130_fd_pr__nfet_01v8 instances:   3
Circuit contains 8 nets.

Circuit 1 contains 6 devices, Circuit 2 contains 6 devices.
Circuit 1 contains 9 nets,    Circuit 2 contains 8 nets. *** MISMATCH ***

  Flattening non-matched subcircuits sram_1rw1r_64x256_pnand3 sram_1rw1r_64x256_pnand3

Flattening instances of sram_1rw1r_64x256_pnand3 in file sram_1rw1r_64x256.spice
Flattening instances of sram_1rw1r_64x256_pnand3 in file sram_1rw1r_64x256.sp

Contents of circuit 1:  Circuit: 'sram_1rw1r_64x256_pdriver_2'
Circuit sram_1rw1r_64x256_pdriver_2 contains 1 device instances.
  Class: sram_1rw1r_64x256_pinv_11 instances:   1
Circuit contains 4 nets.
Contents of circuit 2:  Circuit: 'sram_1rw1r_64x256_pdriver_2'
Circuit sram_1rw1r_64x256_pdriver_2 contains 1 device instances.
  Class: sram_1rw1r_64x256_pinv_11 instances:   1
Circuit contains 4 nets.

Circuit 1 contains 1 devices, Circuit 2 contains 1 devices.
Circuit 1 contains 4 nets,    Circuit 2 contains 4 nets.


Contents of circuit 1:  Circuit: 'sram_1rw1r_64x256_pinv_9'
Circuit sram_1rw1r_64x256_pinv_9 contains 46 device instances.
  Class: sky130_fd_pr__pfet_01v8 instances:  23
  Class: sky130_fd_pr__nfet_01v8 instances:  23
Circuit contains 4 nets.
Contents of circuit 2:  Circuit: 'sram_1rw1r_64x256_pinv_9'
Circuit sram_1rw1r_64x256_pinv_9 contains 2 device instances.
  Class: sky130_fd_pr__pfet_01v8 instances:   1
  Class: sky130_fd_pr__nfet_01v8 instances:   1
Circuit contains 4 nets.

Circuit was modified by parallel/series device merging.
New circuit summary:

Contents of circuit 1:  Circuit: 'sram_1rw1r_64x256_pinv_9'
Circuit sram_1rw1r_64x256_pinv_9 contains 2 device instances.
  Class: sky130_fd_pr__pfet_01v8 instances:   1
  Class: sky130_fd_pr__nfet_01v8 instances:   1
Circuit contains 4 nets.
Contents of circuit 2:  Circuit: 'sram_1rw1r_64x256_pinv_9'
Circuit sram_1rw1r_64x256_pinv_9 contains 2 device instances.
  Class: sky130_fd_pr__pfet_01v8 instances:   1
  Class: sky130_fd_pr__nfet_01v8 instances:   1
Circuit contains 4 nets.

Circuit 1 contains 2 devices, Circuit 2 contains 2 devices.
Circuit 1 contains 4 nets,    Circuit 2 contains 4 nets.


Contents of circuit 1:  Circuit: 'sram_1rw1r_64x256_pinv_8'
Circuit sram_1rw1r_64x256_pinv_8 contains 16 device instances.
  Class: sky130_fd_pr__pfet_01v8 instances:   8
  Class: sky130_fd_pr__nfet_01v8 instances:   8
Circuit contains 4 nets.
Contents of circuit 2:  Circuit: 'sram_1rw1r_64x256_pinv_8'
Circuit sram_1rw1r_64x256_pinv_8 contains 2 device instances.
  Class: sky130_fd_pr__pfet_01v8 instances:   1
  Class: sky130_fd_pr__nfet_01v8 instances:   1
Circuit contains 4 nets.

Circuit was modified by parallel/series device merging.
New circuit summary:

Contents of circuit 1:  Circuit: 'sram_1rw1r_64x256_pinv_8'
Circuit sram_1rw1r_64x256_pinv_8 contains 2 device instances.
  Class: sky130_fd_pr__pfet_01v8 instances:   1
  Class: sky130_fd_pr__nfet_01v8 instances:   1
Circuit contains 4 nets.
Contents of circuit 2:  Circuit: 'sram_1rw1r_64x256_pinv_8'
Circuit sram_1rw1r_64x256_pinv_8 contains 2 device instances.
  Class: sky130_fd_pr__pfet_01v8 instances:   1
  Class: sky130_fd_pr__nfet_01v8 instances:   1
Circuit contains 4 nets.

Circuit 1 contains 2 devices, Circuit 2 contains 2 devices.
Circuit 1 contains 4 nets,    Circuit 2 contains 4 nets.


Contents of circuit 1:  Circuit: 'sram_1rw1r_64x256_dff_buf_0'
Circuit sram_1rw1r_64x256_dff_buf_0 contains 3 device instances.
  Class: sky130_fd_bd_sram__openram_dff instances:   1
  Class: sram_1rw1r_64x256_pinv_0 instances:   1
  Class: sram_1rw1r_64x256_pinv_1 instances:   1
Circuit contains 8 nets.
Contents of circuit 2:  Circuit: 'sram_1rw1r_64x256_dff_buf_0'
Circuit sram_1rw1r_64x256_dff_buf_0 contains 3 device instances.
  Class: sky130_fd_bd_sram__openram_dff instances:   1
  Class: sram_1rw1r_64x256_pinv_0 instances:   1
  Class: sram_1rw1r_64x256_pinv_1 instances:   1
Circuit contains 8 nets.

Circuit 1 contains 3 devices, Circuit 2 contains 3 devices.
Circuit 1 contains 8 nets,    Circuit 2 contains 8 nets.


Contents of circuit 1:  Circuit: 'sram_1rw1r_64x256_pdriver'
Circuit sram_1rw1r_64x256_pdriver contains 1 device instances.
  Class: sram_1rw1r_64x256_pinv_2 instances:   1
Circuit contains 4 nets.
Contents of circuit 2:  Circuit: 'sram_1rw1r_64x256_pdriver'
Circuit sram_1rw1r_64x256_pdriver contains 1 device instances.
  Class: sram_1rw1r_64x256_pinv_2 instances:   1
Circuit contains 4 nets.

Circuit 1 contains 1 devices, Circuit 2 contains 1 devices.
Circuit 1 contains 4 nets,    Circuit 2 contains 4 nets.


Contents of circuit 1:  Circuit: 'sram_1rw1r_64x256_pnand2'
Circuit sram_1rw1r_64x256_pnand2 contains 4 device instances.
  Class: sky130_fd_pr__pfet_01v8 instances:   2
  Class: sky130_fd_pr__nfet_01v8 instances:   2
Circuit contains 7 nets.
Contents of circuit 2:  Circuit: 'sram_1rw1r_64x256_pnand2'
Circuit sram_1rw1r_64x256_pnand2 contains 4 device instances.
  Class: sky130_fd_pr__pfet_01v8 instances:   2
  Class: sky130_fd_pr__nfet_01v8 instances:   2
Circuit contains 6 nets.

Circuit 1 contains 4 devices, Circuit 2 contains 4 devices.
Circuit 1 contains 7 nets,    Circuit 2 contains 6 nets. *** MISMATCH ***

  Flattening non-matched subcircuits sram_1rw1r_64x256_pnand2 sram_1rw1r_64x256_pnand2

Flattening instances of sram_1rw1r_64x256_pnand2 in file sram_1rw1r_64x256.spice
Flattening instances of sram_1rw1r_64x256_pnand2 in file sram_1rw1r_64x256.sp

Contents of circuit 1:  Circuit: 'sram_1rw1r_64x256_pinv_7'
Circuit sram_1rw1r_64x256_pinv_7 contains 6 device instances.
  Class: sky130_fd_pr__pfet_01v8 instances:   3
  Class: sky130_fd_pr__nfet_01v8 instances:   3
Circuit contains 4 nets.
Contents of circuit 2:  Circuit: 'sram_1rw1r_64x256_pinv_7'
Circuit sram_1rw1r_64x256_pinv_7 contains 2 device instances.
  Class: sky130_fd_pr__pfet_01v8 instances:   1
  Class: sky130_fd_pr__nfet_01v8 instances:   1
Circuit contains 4 nets.

Circuit was modified by parallel/series device merging.
New circuit summary:

Contents of circuit 1:  Circuit: 'sram_1rw1r_64x256_pinv_7'
Circuit sram_1rw1r_64x256_pinv_7 contains 2 device instances.
  Class: sky130_fd_pr__pfet_01v8 instances:   1
  Class: sky130_fd_pr__nfet_01v8 instances:   1
Circuit contains 4 nets.
Contents of circuit 2:  Circuit: 'sram_1rw1r_64x256_pinv_7'
Circuit sram_1rw1r_64x256_pinv_7 contains 2 device instances.
  Class: sky130_fd_pr__pfet_01v8 instances:   1
  Class: sky130_fd_pr__nfet_01v8 instances:   1
Circuit contains 4 nets.

Circuit 1 contains 2 devices, Circuit 2 contains 2 devices.
Circuit 1 contains 4 nets,    Circuit 2 contains 4 nets.


Contents of circuit 1:  Circuit: 'sram_1rw1r_64x256_pinv_5'
Circuit sram_1rw1r_64x256_pinv_5 contains 2 device instances.
  Class: sky130_fd_pr__pfet_01v8 instances:   1
  Class: sky130_fd_pr__nfet_01v8 instances:   1
Circuit contains 4 nets.
Contents of circuit 2:  Circuit: 'sram_1rw1r_64x256_pinv_5'
Circuit sram_1rw1r_64x256_pinv_5 contains 2 device instances.
  Class: sky130_fd_pr__pfet_01v8 instances:   1
  Class: sky130_fd_pr__special_nfet_01v8 instances:   1
Circuit contains 4 nets.

Circuit 1 contains 2 devices, Circuit 2 contains 2 devices.
Circuit 1 contains 4 nets,    Circuit 2 contains 4 nets.

  Flattening non-matched subcircuits sram_1rw1r_64x256_pinv_5 sram_1rw1r_64x256_pinv_5

Flattening instances of sram_1rw1r_64x256_pinv_5 in file sram_1rw1r_64x256.spice
Flattening instances of sram_1rw1r_64x256_pinv_5 in file sram_1rw1r_64x256.sp

Contents of circuit 1:  Circuit: 'sram_1rw1r_64x256_pinv_6'
Circuit sram_1rw1r_64x256_pinv_6 contains 4 device instances.
  Class: sky130_fd_pr__pfet_01v8 instances:   2
  Class: sky130_fd_pr__nfet_01v8 instances:   2
Circuit contains 4 nets.
Contents of circuit 2:  Circuit: 'sram_1rw1r_64x256_pinv_6'
Circuit sram_1rw1r_64x256_pinv_6 contains 2 device instances.
  Class: sky130_fd_pr__pfet_01v8 instances:   1
  Class: sky130_fd_pr__nfet_01v8 instances:   1
Circuit contains 4 nets.

Circuit was modified by parallel/series device merging.
New circuit summary:

Contents of circuit 1:  Circuit: 'sram_1rw1r_64x256_pinv_6'
Circuit sram_1rw1r_64x256_pinv_6 contains 2 device instances.
  Class: sky130_fd_pr__pfet_01v8 instances:   1
  Class: sky130_fd_pr__nfet_01v8 instances:   1
Circuit contains 4 nets.
Contents of circuit 2:  Circuit: 'sram_1rw1r_64x256_pinv_6'
Circuit sram_1rw1r_64x256_pinv_6 contains 2 device instances.
  Class: sky130_fd_pr__pfet_01v8 instances:   1
  Class: sky130_fd_pr__nfet_01v8 instances:   1
Circuit contains 4 nets.

Circuit 1 contains 2 devices, Circuit 2 contains 2 devices.
Circuit 1 contains 4 nets,    Circuit 2 contains 4 nets.


Contents of circuit 1:  Circuit: 'sram_1rw1r_64x256_pinv_13'
Circuit sram_1rw1r_64x256_pinv_13 contains 48 device instances.
  Class: sky130_fd_pr__pfet_01v8 instances:  24
  Class: sky130_fd_pr__nfet_01v8 instances:  24
Circuit contains 4 nets.
Contents of circuit 2:  Circuit: 'sram_1rw1r_64x256_pinv_13'
Circuit sram_1rw1r_64x256_pinv_13 contains 2 device instances.
  Class: sky130_fd_pr__pfet_01v8 instances:   1
  Class: sky130_fd_pr__nfet_01v8 instances:   1
Circuit contains 4 nets.

Circuit was modified by parallel/series device merging.
New circuit summary:

Contents of circuit 1:  Circuit: 'sram_1rw1r_64x256_pinv_13'
Circuit sram_1rw1r_64x256_pinv_13 contains 2 device instances.
  Class: sky130_fd_pr__pfet_01v8 instances:   1
  Class: sky130_fd_pr__nfet_01v8 instances:   1
Circuit contains 4 nets.
Contents of circuit 2:  Circuit: 'sram_1rw1r_64x256_pinv_13'
Circuit sram_1rw1r_64x256_pinv_13 contains 2 device instances.
  Class: sky130_fd_pr__pfet_01v8 instances:   1
  Class: sky130_fd_pr__nfet_01v8 instances:   1
Circuit contains 4 nets.

Circuit 1 contains 2 devices, Circuit 2 contains 2 devices.
Circuit 1 contains 4 nets,    Circuit 2 contains 4 nets.


Contents of circuit 1:  Circuit: 'sram_1rw1r_64x256_pdriver_3'
Circuit sram_1rw1r_64x256_pdriver_3 contains 1 device instances.
  Class: sram_1rw1r_64x256_pinv_12 instances:   1
Circuit contains 4 nets.
Contents of circuit 2:  Circuit: 'sram_1rw1r_64x256_pdriver_3'
Circuit sram_1rw1r_64x256_pdriver_3 contains 1 device instances.
  Class: sram_1rw1r_64x256_pinv_12 instances:   1
Circuit contains 4 nets.

Circuit 1 contains 1 devices, Circuit 2 contains 1 devices.
Circuit 1 contains 4 nets,    Circuit 2 contains 4 nets.


Contents of circuit 1:  Circuit: 'sram_1rw1r_64x256_pinv_14'
Circuit sram_1rw1r_64x256_pinv_14 contains 2 device instances.
  Class: sky130_fd_pr__pfet_01v8 instances:   1
  Class: sky130_fd_pr__nfet_01v8 instances:   1
Circuit contains 4 nets.
Contents of circuit 2:  Circuit: 'sram_1rw1r_64x256_pinv_14'
Circuit sram_1rw1r_64x256_pinv_14 contains 2 device instances.
  Class: sky130_fd_pr__pfet_01v8 instances:   1
  Class: sky130_fd_pr__special_nfet_01v8 instances:   1
Circuit contains 4 nets.

Circuit 1 contains 2 devices, Circuit 2 contains 2 devices.
Circuit 1 contains 4 nets,    Circuit 2 contains 4 nets.

  Flattening non-matched subcircuits sram_1rw1r_64x256_pinv_14 sram_1rw1r_64x256_pinv_14

Flattening instances of sram_1rw1r_64x256_pinv_14 in file sram_1rw1r_64x256.spice
Flattening instances of sram_1rw1r_64x256_pinv_14 in file sram_1rw1r_64x256.sp

Contents of circuit 1:  Circuit: 'sram_1rw1r_64x256_pinv_10'
Circuit sram_1rw1r_64x256_pinv_10 contains 138 device instances.
  Class: sky130_fd_pr__pfet_01v8 instances:  69
  Class: sky130_fd_pr__nfet_01v8 instances:  69
Circuit contains 4 nets.
Contents of circuit 2:  Circuit: 'sram_1rw1r_64x256_pinv_10'
Circuit sram_1rw1r_64x256_pinv_10 contains 2 device instances.
  Class: sky130_fd_pr__pfet_01v8 instances:   1
  Class: sky130_fd_pr__nfet_01v8 instances:   1
Circuit contains 4 nets.

Circuit was modified by parallel/series device merging.
New circuit summary:

Contents of circuit 1:  Circuit: 'sram_1rw1r_64x256_pinv_10'
Circuit sram_1rw1r_64x256_pinv_10 contains 2 device instances.
  Class: sky130_fd_pr__pfet_01v8 instances:   1
  Class: sky130_fd_pr__nfet_01v8 instances:   1
Circuit contains 4 nets.
Contents of circuit 2:  Circuit: 'sram_1rw1r_64x256_pinv_10'
Circuit sram_1rw1r_64x256_pinv_10 contains 2 device instances.
  Class: sky130_fd_pr__pfet_01v8 instances:   1
  Class: sky130_fd_pr__nfet_01v8 instances:   1
Circuit contains 4 nets.

Circuit 1 contains 2 devices, Circuit 2 contains 2 devices.
Circuit 1 contains 4 nets,    Circuit 2 contains 4 nets.


Contents of circuit 1:  Circuit: 'sram_1rw1r_64x256_pinv_15'
Circuit sram_1rw1r_64x256_pinv_15 contains 136 device instances.
  Class: sky130_fd_pr__pfet_01v8 instances:  68
  Class: sky130_fd_pr__nfet_01v8 instances:  68
Circuit contains 4 nets.
Contents of circuit 2:  Circuit: 'sram_1rw1r_64x256_pinv_15'
Circuit sram_1rw1r_64x256_pinv_15 contains 2 device instances.
  Class: sky130_fd_pr__pfet_01v8 instances:   1
  Class: sky130_fd_pr__nfet_01v8 instances:   1
Circuit contains 4 nets.

Circuit was modified by parallel/series device merging.
New circuit summary:

Contents of circuit 1:  Circuit: 'sram_1rw1r_64x256_pinv_15'
Circuit sram_1rw1r_64x256_pinv_15 contains 2 device instances.
  Class: sky130_fd_pr__pfet_01v8 instances:   1
  Class: sky130_fd_pr__nfet_01v8 instances:   1
Circuit contains 4 nets.
Contents of circuit 2:  Circuit: 'sram_1rw1r_64x256_pinv_15'
Circuit sram_1rw1r_64x256_pinv_15 contains 2 device instances.
  Class: sky130_fd_pr__pfet_01v8 instances:   1
  Class: sky130_fd_pr__nfet_01v8 instances:   1
Circuit contains 4 nets.

Circuit 1 contains 2 devices, Circuit 2 contains 2 devices.
Circuit 1 contains 4 nets,    Circuit 2 contains 4 nets.


Contents of circuit 1:  Circuit: 'sram_1rw1r_64x256_port_data'
Circuit sram_1rw1r_64x256_port_data contains 1602 device instances.
  Class: sram_1rw1r_64x256_precharge_array instances:   1
  Class: sky130_fd_pr__pfet_01v8 instances: 768
  Class: sky130_fd_pr__nfet_01v8 instances: 832
  Class: sram_1rw1r_64x256_column_mux_array instances:   1
Circuit contains 1165 nets.
Contents of circuit 2:  Circuit: 'sram_1rw1r_64x256_port_data'
Circuit sram_1rw1r_64x256_port_data contains 1602 device instances.
  Class: sram_1rw1r_64x256_precharge_array instances:   1
  Class: sky130_fd_pr__pfet_01v8 instances: 768
  Class: sky130_fd_pr__nfet_01v8 instances: 832
  Class: sram_1rw1r_64x256_column_mux_array instances:   1
Circuit contains 1161 nets.

Circuit 1 contains 1602 devices, Circuit 2 contains 1602 devices.
Circuit 1 contains 1165 nets,    Circuit 2 contains 1161 nets. *** MISMATCH ***

  Flattening non-matched subcircuits sram_1rw1r_64x256_port_data sram_1rw1r_64x256_port_data

Flattening instances of sram_1rw1r_64x256_port_data in file sram_1rw1r_64x256.spice
Flattening instances of sram_1rw1r_64x256_port_data in file sram_1rw1r_64x256.sp

Contents of circuit 1:  Circuit: 'sram_1rw1r_64x256_capped_replica_bitcell_array'
Circuit sram_1rw1r_64x256_capped_replica_bitcell_array contains 166146 device instances.
  Class: sky130_fd_pr__special_pfet_pass instances: 65536
  Class: sky130_fd_pr__special_nfet_latch instances: 100608
  Class: sram_1rw1r_64x256_replica_column instances:   1
  Class: sram_1rw1r_64x256_replica_column_0 instances:   1
Circuit contains 34572 nets.
Contents of circuit 2:  Circuit: 'sram_1rw1r_64x256_capped_replica_bitcell_array'
Circuit sram_1rw1r_64x256_capped_replica_bitcell_array contains 166146 device instances.
  Class: sky130_fd_pr__special_pfet_pass instances: 65536
  Class: sky130_fd_pr__special_nfet_latch instances: 100608
  Class: sram_1rw1r_64x256_replica_column instances:   1
  Class: sram_1rw1r_64x256_replica_column_0 instances:   1
Circuit contains 34572 nets.

Circuit 1 contains 166146 devices, Circuit 2 contains 166146 devices.
Circuit 1 contains 34572 nets,    Circuit 2 contains 34572 nets.


Contents of circuit 1:  Circuit: 'sram_1rw1r_64x256_port_address'
Circuit sram_1rw1r_64x256_port_address contains 704 device instances.
  Class: sram_1rw1r_64x256_pinv_dec_0 instances: 129
  Class: sky130_fd_bd_sram__openram_dp_nand3_dec instances: 136
  Class: sky130_fd_pr__pfet_01v8 instances: 151
  Class: sky130_fd_bd_sram__openram_dp_nand2_dec instances: 137
  Class: sky130_fd_pr__nfet_01v8 instances: 151
Circuit contains 576 nets.
Contents of circuit 2:  Circuit: 'sram_1rw1r_64x256_port_address'
Circuit sram_1rw1r_64x256_port_address contains 704 device instances.
  Class: sram_1rw1r_64x256_pinv_dec_0 instances: 129
  Class: sky130_fd_bd_sram__openram_dp_nand3_dec instances: 136
  Class: sky130_fd_pr__pfet_01v8 instances: 151
  Class: sky130_fd_bd_sram__openram_dp_nand2_dec instances: 137
  Class: sky130_fd_pr__special_nfet_01v8 instances: 151
Circuit contains 563 nets.

Circuit 1 contains 704 devices, Circuit 2 contains 704 devices.
Circuit 1 contains 576 nets,    Circuit 2 contains 563 nets. *** MISMATCH ***

  Flattening non-matched subcircuits sram_1rw1r_64x256_port_address sram_1rw1r_64x256_port_address

Flattening instances of sram_1rw1r_64x256_port_address in file sram_1rw1r_64x256.spice
Flattening instances of sram_1rw1r_64x256_port_address in file sram_1rw1r_64x256.sp

Contents of circuit 1:  Circuit: 'sram_1rw1r_64x256_port_data_0'
Circuit sram_1rw1r_64x256_port_data_0 contains 578 device instances.
  Class: sram_1rw1r_64x256_precharge_array_0 instances:   1
  Class: sky130_fd_pr__pfet_01v8 instances: 320
  Class: sram_1rw1r_64x256_column_mux_array_0 instances:   1
  Class: sky130_fd_pr__nfet_01v8 instances: 256
Circuit contains 650 nets.
Contents of circuit 2:  Circuit: 'sram_1rw1r_64x256_port_data_0'
Circuit sram_1rw1r_64x256_port_data_0 contains 578 device instances.
  Class: sram_1rw1r_64x256_precharge_array_0 instances:   1
  Class: sky130_fd_pr__pfet_01v8 instances: 320
  Class: sram_1rw1r_64x256_column_mux_array_0 instances:   1
  Class: sky130_fd_pr__nfet_01v8 instances: 256
Circuit contains 648 nets.

Circuit 1 contains 578 devices, Circuit 2 contains 578 devices.
Circuit 1 contains 650 nets,    Circuit 2 contains 648 nets. *** MISMATCH ***

  Flattening non-matched subcircuits sram_1rw1r_64x256_port_data_0 sram_1rw1r_64x256_port_data_0

Flattening instances of sram_1rw1r_64x256_port_data_0 in file sram_1rw1r_64x256.spice
Flattening instances of sram_1rw1r_64x256_port_data_0 in file sram_1rw1r_64x256.sp

Contents of circuit 1:  Circuit: 'sram_1rw1r_64x256_column_decoder'
Circuit sram_1rw1r_64x256_column_decoder contains 5 device instances.
  Class: sky130_fd_pr__pfet_01v8 instances:   1
  Class: sram_1rw1r_64x256_pinv_0 instances:   1
  Class: sky130_fd_pr__nfet_01v8 instances:   1
  Class: sram_1rw1r_64x256_pinv_1 instances:   2
Circuit contains 7 nets.
Contents of circuit 2:  Circuit: 'sram_1rw1r_64x256_column_decoder'
Circuit sram_1rw1r_64x256_column_decoder contains 5 device instances.
  Class: sky130_fd_pr__pfet_01v8 instances:   1
  Class: sram_1rw1r_64x256_pinv_0 instances:   1
  Class: sram_1rw1r_64x256_pinv_1 instances:   2
  Class: sky130_fd_pr__special_nfet_01v8 instances:   1
Circuit contains 7 nets.

Circuit 1 contains 5 devices, Circuit 2 contains 5 devices.
Circuit 1 contains 7 nets,    Circuit 2 contains 7 nets.

  Flattening non-matched subcircuits sram_1rw1r_64x256_column_decoder sram_1rw1r_64x256_column_decoder

Flattening instances of sram_1rw1r_64x256_column_decoder in file sram_1rw1r_64x256.spice
Flattening instances of sram_1rw1r_64x256_column_decoder in file sram_1rw1r_64x256.sp

Contents of circuit 1:  Circuit: 'sram_1rw1r_64x256_port_address_0'
Circuit sram_1rw1r_64x256_port_address_0 contains 704 device instances.
  Class: sram_1rw1r_64x256_pinv_dec_0 instances: 129
  Class: sky130_fd_bd_sram__openram_dp_nand3_dec instances: 136
  Class: sky130_fd_pr__pfet_01v8 instances: 151
  Class: sky130_fd_bd_sram__openram_dp_nand2_dec instances: 137
  Class: sky130_fd_pr__nfet_01v8 instances: 151
Circuit contains 576 nets.
Contents of circuit 2:  Circuit: 'sram_1rw1r_64x256_port_address_0'
Circuit sram_1rw1r_64x256_port_address_0 contains 704 device instances.
  Class: sram_1rw1r_64x256_pinv_dec_0 instances: 129
  Class: sky130_fd_bd_sram__openram_dp_nand3_dec instances: 136
  Class: sky130_fd_pr__pfet_01v8 instances: 151
  Class: sky130_fd_bd_sram__openram_dp_nand2_dec instances: 137
  Class: sky130_fd_pr__special_nfet_01v8 instances: 151
Circuit contains 563 nets.

Circuit 1 contains 704 devices, Circuit 2 contains 704 devices.
Circuit 1 contains 576 nets,    Circuit 2 contains 563 nets. *** MISMATCH ***

  Flattening non-matched subcircuits sram_1rw1r_64x256_port_address_0 sram_1rw1r_64x256_port_address_0

Flattening instances of sram_1rw1r_64x256_port_address_0 in file sram_1rw1r_64x256.spice
Flattening instances of sram_1rw1r_64x256_port_address_0 in file sram_1rw1r_64x256.sp

Contents of circuit 1:  Circuit: 'sram_1rw1r_64x256_pand3'
Circuit sram_1rw1r_64x256_pand3 contains 7 device instances.
  Class: sram_1rw1r_64x256_pdriver_2 instances:   1
  Class: sky130_fd_pr__pfet_01v8 instances:   3
  Class: sky130_fd_pr__nfet_01v8 instances:   3
Circuit contains 9 nets.
Contents of circuit 2:  Circuit: 'sram_1rw1r_64x256_pand3'
Circuit sram_1rw1r_64x256_pand3 contains 7 device instances.
  Class: sram_1rw1r_64x256_pdriver_2 instances:   1
  Class: sky130_fd_pr__pfet_01v8 instances:   3
  Class: sky130_fd_pr__nfet_01v8 instances:   3
Circuit contains 9 nets.

Circuit 1 contains 7 devices, Circuit 2 contains 7 devices.
Circuit 1 contains 9 nets,    Circuit 2 contains 9 nets.


Contents of circuit 1:  Circuit: 'sram_1rw1r_64x256_pdriver_1'
Circuit sram_1rw1r_64x256_pdriver_1 contains 2 device instances.
  Class: sram_1rw1r_64x256_pinv_8 instances:   1
  Class: sram_1rw1r_64x256_pinv_9 instances:   1
Circuit contains 5 nets.
Contents of circuit 2:  Circuit: 'sram_1rw1r_64x256_pdriver_1'
Circuit sram_1rw1r_64x256_pdriver_1 contains 2 device instances.
  Class: sram_1rw1r_64x256_pinv_8 instances:   1
  Class: sram_1rw1r_64x256_pinv_9 instances:   1
Circuit contains 5 nets.

Circuit 1 contains 2 devices, Circuit 2 contains 2 devices.
Circuit 1 contains 5 nets,    Circuit 2 contains 5 nets.


Contents of circuit 1:  Circuit: 'sram_1rw1r_64x256_dff_buf_array'
Circuit sram_1rw1r_64x256_dff_buf_array contains 2 device instances.
  Class: sram_1rw1r_64x256_dff_buf_0 instances:   2
Circuit contains 9 nets.
Contents of circuit 2:  Circuit: 'sram_1rw1r_64x256_dff_buf_array'
Circuit sram_1rw1r_64x256_dff_buf_array contains 2 device instances.
  Class: sram_1rw1r_64x256_dff_buf_0 instances:   2
Circuit contains 9 nets.

Circuit 1 contains 2 devices, Circuit 2 contains 2 devices.
Circuit 1 contains 9 nets,    Circuit 2 contains 9 nets.


Contents of circuit 1:  Circuit: 'sram_1rw1r_64x256_pand2'
Circuit sram_1rw1r_64x256_pand2 contains 5 device instances.
  Class: sky130_fd_pr__pfet_01v8 instances:   2
  Class: sram_1rw1r_64x256_pdriver instances:   1
  Class: sky130_fd_pr__nfet_01v8 instances:   2
Circuit contains 7 nets.
Contents of circuit 2:  Circuit: 'sram_1rw1r_64x256_pand2'
Circuit sram_1rw1r_64x256_pand2 contains 5 device instances.
  Class: sky130_fd_pr__pfet_01v8 instances:   2
  Class: sram_1rw1r_64x256_pdriver instances:   1
  Class: sky130_fd_pr__nfet_01v8 instances:   2
Circuit contains 7 nets.

Circuit 1 contains 5 devices, Circuit 2 contains 5 devices.
Circuit 1 contains 7 nets,    Circuit 2 contains 7 nets.


Contents of circuit 1:  Circuit: 'sram_1rw1r_64x256_pdriver_4'
Circuit sram_1rw1r_64x256_pdriver_4 contains 8 device instances.
  Class: sram_1rw1r_64x256_pinv_7 instances:   1
  Class: sram_1rw1r_64x256_pinv_13 instances:   1
  Class: sky130_fd_pr__pfet_01v8 instances:   2
  Class: sram_1rw1r_64x256_pinv_8 instances:   1
  Class: sram_1rw1r_64x256_pinv_6 instances:   1
  Class: sky130_fd_pr__nfet_01v8 instances:   2
Circuit contains 9 nets.
Contents of circuit 2:  Circuit: 'sram_1rw1r_64x256_pdriver_4'
Circuit sram_1rw1r_64x256_pdriver_4 contains 8 device instances.
  Class: sram_1rw1r_64x256_pinv_7 instances:   1
  Class: sram_1rw1r_64x256_pinv_13 instances:   1
  Class: sky130_fd_pr__pfet_01v8 instances:   2
  Class: sram_1rw1r_64x256_pinv_8 instances:   1
  Class: sram_1rw1r_64x256_pinv_6 instances:   1
  Class: sky130_fd_pr__special_nfet_01v8 instances:   2
Circuit contains 9 nets.

Circuit 1 contains 8 devices, Circuit 2 contains 8 devices.
Circuit 1 contains 9 nets,    Circuit 2 contains 9 nets.

  Flattening non-matched subcircuits sram_1rw1r_64x256_pdriver_4 sram_1rw1r_64x256_pdriver_4

Flattening instances of sram_1rw1r_64x256_pdriver_4 in file sram_1rw1r_64x256.spice
Flattening instances of sram_1rw1r_64x256_pdriver_4 in file sram_1rw1r_64x256.sp

Contents of circuit 1:  Circuit: 'sram_1rw1r_64x256_pand3_0'
Circuit sram_1rw1r_64x256_pand3_0 contains 7 device instances.
  Class: sky130_fd_pr__pfet_01v8 instances:   3
  Class: sky130_fd_pr__nfet_01v8 instances:   3
  Class: sram_1rw1r_64x256_pdriver_3 instances:   1
Circuit contains 9 nets.
Contents of circuit 2:  Circuit: 'sram_1rw1r_64x256_pand3_0'
Circuit sram_1rw1r_64x256_pand3_0 contains 7 device instances.
  Class: sky130_fd_pr__pfet_01v8 instances:   3
  Class: sky130_fd_pr__nfet_01v8 instances:   3
  Class: sram_1rw1r_64x256_pdriver_3 instances:   1
Circuit contains 9 nets.

Circuit 1 contains 7 devices, Circuit 2 contains 7 devices.
Circuit 1 contains 9 nets,    Circuit 2 contains 9 nets.


Contents of circuit 1:  Circuit: 'sram_1rw1r_64x256_delay_chain'
Circuit sram_1rw1r_64x256_delay_chain contains 90 device instances.
  Class: sky130_fd_pr__pfet_01v8 instances:  45
  Class: sky130_fd_pr__nfet_01v8 instances:  45
Circuit contains 48 nets.
Contents of circuit 2:  Circuit: 'sram_1rw1r_64x256_delay_chain'
Circuit sram_1rw1r_64x256_delay_chain contains 90 device instances.
  Class: sky130_fd_pr__pfet_01v8 instances:  45
  Class: sky130_fd_pr__special_nfet_01v8 instances:  45
Circuit contains 48 nets.

Circuit 1 contains 90 devices, Circuit 2 contains 90 devices.
Circuit 1 contains 48 nets,    Circuit 2 contains 48 nets.

  Flattening non-matched subcircuits sram_1rw1r_64x256_delay_chain sram_1rw1r_64x256_delay_chain

Flattening instances of sram_1rw1r_64x256_delay_chain in file sram_1rw1r_64x256.spice
Flattening instances of sram_1rw1r_64x256_delay_chain in file sram_1rw1r_64x256.sp

Contents of circuit 1:  Circuit: 'sram_1rw1r_64x256_pdriver_0'
Circuit sram_1rw1r_64x256_pdriver_0 contains 11 device instances.
  Class: sram_1rw1r_64x256_pinv_7 instances:   1
  Class: sky130_fd_pr__pfet_01v8 instances:   3
  Class: sram_1rw1r_64x256_pinv_8 instances:   1
  Class: sram_1rw1r_64x256_pinv_6 instances:   1
  Class: sram_1rw1r_64x256_pinv_10 instances:   1
  Class: sky130_fd_pr__nfet_01v8 instances:   3
  Class: sram_1rw1r_64x256_pinv_9 instances:   1
Circuit contains 11 nets.
Contents of circuit 2:  Circuit: 'sram_1rw1r_64x256_pdriver_0'
Circuit sram_1rw1r_64x256_pdriver_0 contains 11 device instances.
  Class: sram_1rw1r_64x256_pinv_7 instances:   1
  Class: sky130_fd_pr__pfet_01v8 instances:   3
  Class: sram_1rw1r_64x256_pinv_8 instances:   1
  Class: sram_1rw1r_64x256_pinv_6 instances:   1
  Class: sram_1rw1r_64x256_pinv_10 instances:   1
  Class: sram_1rw1r_64x256_pinv_9 instances:   1
  Class: sky130_fd_pr__special_nfet_01v8 instances:   3
Circuit contains 11 nets.

Circuit 1 contains 11 devices, Circuit 2 contains 11 devices.
Circuit 1 contains 11 nets,    Circuit 2 contains 11 nets.

  Flattening non-matched subcircuits sram_1rw1r_64x256_pdriver_0 sram_1rw1r_64x256_pdriver_0

Flattening instances of sram_1rw1r_64x256_pdriver_0 in file sram_1rw1r_64x256.spice
Flattening instances of sram_1rw1r_64x256_pdriver_0 in file sram_1rw1r_64x256.sp

Contents of circuit 1:  Circuit: 'sram_1rw1r_64x256_pnand2_0'
Circuit sram_1rw1r_64x256_pnand2_0 contains 4 device instances.
  Class: sky130_fd_pr__pfet_01v8 instances:   2
  Class: sky130_fd_pr__nfet_01v8 instances:   2
Circuit contains 6 nets.
Contents of circuit 2:  Circuit: 'sram_1rw1r_64x256_pnand2_0'
Circuit sram_1rw1r_64x256_pnand2_0 contains 4 device instances.
  Class: sky130_fd_pr__pfet_01v8 instances:   2
  Class: sky130_fd_pr__nfet_01v8 instances:   2
Circuit contains 6 nets.

Circuit 1 contains 4 devices, Circuit 2 contains 4 devices.
Circuit 1 contains 6 nets,    Circuit 2 contains 6 nets.


Contents of circuit 1:  Circuit: 'sram_1rw1r_64x256_pdriver_5'
Circuit sram_1rw1r_64x256_pdriver_5 contains 11 device instances.
  Class: sram_1rw1r_64x256_pinv_7 instances:   1
  Class: sky130_fd_pr__pfet_01v8 instances:   3
  Class: sram_1rw1r_64x256_pinv_8 instances:   1
  Class: sram_1rw1r_64x256_pinv_6 instances:   1
  Class: sky130_fd_pr__nfet_01v8 instances:   3
  Class: sram_1rw1r_64x256_pinv_15 instances:   1
  Class: sram_1rw1r_64x256_pinv_9 instances:   1
Circuit contains 11 nets.
Contents of circuit 2:  Circuit: 'sram_1rw1r_64x256_pdriver_5'
Circuit sram_1rw1r_64x256_pdriver_5 contains 11 device instances.
  Class: sram_1rw1r_64x256_pinv_7 instances:   1
  Class: sky130_fd_pr__pfet_01v8 instances:   3
  Class: sram_1rw1r_64x256_pinv_8 instances:   1
  Class: sram_1rw1r_64x256_pinv_6 instances:   1
  Class: sram_1rw1r_64x256_pinv_15 instances:   1
  Class: sram_1rw1r_64x256_pinv_9 instances:   1
  Class: sky130_fd_pr__special_nfet_01v8 instances:   3
Circuit contains 11 nets.

Circuit 1 contains 11 devices, Circuit 2 contains 11 devices.
Circuit 1 contains 11 nets,    Circuit 2 contains 11 nets.

  Flattening non-matched subcircuits sram_1rw1r_64x256_pdriver_5 sram_1rw1r_64x256_pdriver_5

Flattening instances of sram_1rw1r_64x256_pdriver_5 in file sram_1rw1r_64x256.spice
Flattening instances of sram_1rw1r_64x256_pdriver_5 in file sram_1rw1r_64x256.sp

Contents of circuit 1:  Circuit: 'sram_1rw1r_64x256_dff_buf_array_0'
Circuit sram_1rw1r_64x256_dff_buf_array_0 contains 1 device instances.
  Class: sram_1rw1r_64x256_dff_buf_0 instances:   1
Circuit contains 6 nets.
Contents of circuit 2:  Circuit: 'sram_1rw1r_64x256_dff_buf_array_0'
Circuit sram_1rw1r_64x256_dff_buf_array_0 contains 1 device instances.
  Class: sram_1rw1r_64x256_dff_buf_0 instances:   1
Circuit contains 6 nets.

Circuit 1 contains 1 devices, Circuit 2 contains 1 devices.
Circuit 1 contains 6 nets,    Circuit 2 contains 6 nets.


Contents of circuit 1:  Circuit: 'sram_1rw1r_64x256_bank'
Circuit sram_1rw1r_64x256_bank contains 3599 device instances.
  Class: sram_1rw1r_64x256_precharge_array_0 instances:   1
  Class: sram_1rw1r_64x256_pinv_dec_0 instances: 258
  Class: sram_1rw1r_64x256_precharge_array instances:   1
  Class: sky130_fd_bd_sram__openram_dp_nand3_dec instances: 272
  Class: sky130_fd_pr__pfet_01v8 instances: 1392
  Class: sram_1rw1r_64x256_pinv_0 instances:   2
  Class: sram_1rw1r_64x256_column_mux_array_0 instances:   1
  Class: sky130_fd_bd_sram__openram_dp_nand2_dec instances: 274
  Class: sky130_fd_pr__nfet_01v8 instances: 1392
  Class: sram_1rw1r_64x256_capped_replica_bitcell_array instances:   1
  Class: sram_1rw1r_64x256_column_mux_array instances:   1
  Class: sram_1rw1r_64x256_pinv_1 instances:   4
Circuit contains 2977 nets.
Contents of circuit 2:  Circuit: 'sram_1rw1r_64x256_bank'
Circuit sram_1rw1r_64x256_bank contains 3599 device instances.
  Class: sram_1rw1r_64x256_precharge_array_0 instances:   1
  Class: sram_1rw1r_64x256_pinv_dec_0 instances: 258
  Class: sram_1rw1r_64x256_precharge_array instances:   1
  Class: sky130_fd_bd_sram__openram_dp_nand3_dec instances: 272
  Class: sky130_fd_pr__pfet_01v8 instances: 1392
  Class: sram_1rw1r_64x256_pinv_0 instances:   2
  Class: sram_1rw1r_64x256_column_mux_array_0 instances:   1
  Class: sky130_fd_bd_sram__openram_dp_nand2_dec instances: 274
  Class: sky130_fd_pr__nfet_01v8 instances: 1088
  Class: sram_1rw1r_64x256_capped_replica_bitcell_array instances:   1
  Class: sram_1rw1r_64x256_column_mux_array instances:   1
  Class: sram_1rw1r_64x256_pinv_1 instances:   4
  Class: sky130_fd_pr__special_nfet_01v8 instances: 304
Circuit contains 2939 nets.

Circuit 1 contains 3599 devices, Circuit 2 contains 3599 devices.
Circuit 1 contains 2977 nets,    Circuit 2 contains 2939 nets. *** MISMATCH ***

  Flattening non-matched subcircuits sram_1rw1r_64x256_bank sram_1rw1r_64x256_bank

Flattening instances of sram_1rw1r_64x256_bank in file sram_1rw1r_64x256.spice
Flattening instances of sram_1rw1r_64x256_bank in file sram_1rw1r_64x256.sp

Contents of circuit 1:  Circuit: 'sram_1rw1r_64x256_control_logic_rw'
Circuit sram_1rw1r_64x256_control_logic_rw contains 120 device instances.
  Class: sram_1rw1r_64x256_pand2 instances:   2
  Class: sram_1rw1r_64x256_pinv_7 instances:   2
  Class: sram_1rw1r_64x256_pdriver_1 instances:   1
  Class: sram_1rw1r_64x256_pinv_13 instances:   1
  Class: sky130_fd_pr__pfet_01v8 instances:  52
  Class: sram_1rw1r_64x256_dff_buf_array instances:   1
  Class: sram_1rw1r_64x256_pinv_8 instances:   2
  Class: sram_1rw1r_64x256_pand3 instances:   1
  Class: sram_1rw1r_64x256_pnand2_0 instances:   1
  Class: sram_1rw1r_64x256_pinv_6 instances:   2
  Class: sram_1rw1r_64x256_pinv_10 instances:   1
  Class: sky130_fd_pr__nfet_01v8 instances:  52
  Class: sram_1rw1r_64x256_pand3_0 instances:   1
  Class: sram_1rw1r_64x256_pinv_9 instances:   1
Circuit contains 79 nets.
Contents of circuit 2:  Circuit: 'sram_1rw1r_64x256_control_logic_rw'
Circuit sram_1rw1r_64x256_control_logic_rw contains 120 device instances.
  Class: sram_1rw1r_64x256_pand2 instances:   2
  Class: sram_1rw1r_64x256_pinv_7 instances:   2
  Class: sram_1rw1r_64x256_pdriver_1 instances:   1
  Class: sram_1rw1r_64x256_pinv_13 instances:   1
  Class: sky130_fd_pr__pfet_01v8 instances:  52
  Class: sram_1rw1r_64x256_dff_buf_array instances:   1
  Class: sram_1rw1r_64x256_pinv_8 instances:   2
  Class: sram_1rw1r_64x256_pand3 instances:   1
  Class: sram_1rw1r_64x256_pnand2_0 instances:   1
  Class: sram_1rw1r_64x256_pinv_6 instances:   2
  Class: sram_1rw1r_64x256_pinv_10 instances:   1
  Class: sram_1rw1r_64x256_pand3_0 instances:   1
  Class: sram_1rw1r_64x256_pinv_9 instances:   1
  Class: sky130_fd_pr__special_nfet_01v8 instances:  52
Circuit contains 77 nets.

Circuit 1 contains 120 devices, Circuit 2 contains 120 devices.
Circuit 1 contains 79 nets,    Circuit 2 contains 77 nets. *** MISMATCH ***

  Flattening non-matched subcircuits sram_1rw1r_64x256_control_logic_rw sram_1rw1r_64x256_control_logic_rw

Flattening instances of sram_1rw1r_64x256_control_logic_rw in file sram_1rw1r_64x256.spice
Flattening instances of sram_1rw1r_64x256_control_logic_rw in file sram_1rw1r_64x256.sp

Contents of circuit 1:  Circuit: 'sram_1rw1r_64x256_control_logic_r'
Circuit sram_1rw1r_64x256_control_logic_r contains 117 device instances.
  Class: sram_1rw1r_64x256_pand2 instances:   2
  Class: sram_1rw1r_64x256_pinv_7 instances:   2
  Class: sram_1rw1r_64x256_pdriver_1 instances:   1
  Class: sram_1rw1r_64x256_pinv_13 instances:   1
  Class: sram_1rw1r_64x256_dff_buf_array_0 instances:   1
  Class: sky130_fd_pr__pfet_01v8 instances:  51
  Class: sram_1rw1r_64x256_pinv_8 instances:   2
  Class: sram_1rw1r_64x256_pnand2_0 instances:   1
  Class: sram_1rw1r_64x256_pinv_6 instances:   2
  Class: sky130_fd_pr__nfet_01v8 instances:  51
  Class: sram_1rw1r_64x256_pand3_0 instances:   1
  Class: sram_1rw1r_64x256_pinv_15 instances:   1
  Class: sram_1rw1r_64x256_pinv_9 instances:   1
Circuit contains 74 nets.
Contents of circuit 2:  Circuit: 'sram_1rw1r_64x256_control_logic_r'
Circuit sram_1rw1r_64x256_control_logic_r contains 117 device instances.
  Class: sram_1rw1r_64x256_pand2 instances:   2
  Class: sram_1rw1r_64x256_pinv_7 instances:   2
  Class: sram_1rw1r_64x256_pdriver_1 instances:   1
  Class: sram_1rw1r_64x256_pinv_13 instances:   1
  Class: sram_1rw1r_64x256_dff_buf_array_0 instances:   1
  Class: sky130_fd_pr__pfet_01v8 instances:  51
  Class: sram_1rw1r_64x256_pinv_8 instances:   2
  Class: sram_1rw1r_64x256_pnand2_0 instances:   1
  Class: sram_1rw1r_64x256_pinv_6 instances:   2
  Class: sram_1rw1r_64x256_pand3_0 instances:   1
  Class: sram_1rw1r_64x256_pinv_15 instances:   1
  Class: sram_1rw1r_64x256_pinv_9 instances:   1
  Class: sky130_fd_pr__special_nfet_01v8 instances:  51
Circuit contains 72 nets.

Circuit 1 contains 117 devices, Circuit 2 contains 117 devices.
Circuit 1 contains 74 nets,    Circuit 2 contains 72 nets. *** MISMATCH ***

  Flattening non-matched subcircuits sram_1rw1r_64x256_control_logic_r sram_1rw1r_64x256_control_logic_r

Flattening instances of sram_1rw1r_64x256_control_logic_r in file sram_1rw1r_64x256.spice
Flattening instances of sram_1rw1r_64x256_control_logic_r in file sram_1rw1r_64x256.sp

Contents of circuit 1:  Circuit: 'sram_1rw1r_64x256_col_addr_dff'
Circuit sram_1rw1r_64x256_col_addr_dff contains 1 device instances.
  Class: sky130_fd_bd_sram__openram_dff instances:   1
Circuit contains 6 nets.
Contents of circuit 2:  Circuit: 'sram_1rw1r_64x256_col_addr_dff'
Circuit sram_1rw1r_64x256_col_addr_dff contains 1 device instances.
  Class: sky130_fd_bd_sram__openram_dff instances:   1
Circuit contains 6 nets.

Circuit 1 contains 1 devices, Circuit 2 contains 1 devices.
Circuit 1 contains 6 nets,    Circuit 2 contains 6 nets.


Contents of circuit 1:  Circuit: 'sram_1rw1r_64x256_row_addr_dff'
Circuit sram_1rw1r_64x256_row_addr_dff contains 7 device instances.
  Class: sky130_fd_bd_sram__openram_dff instances:   7
Circuit contains 24 nets.
Contents of circuit 2:  Circuit: 'sram_1rw1r_64x256_row_addr_dff'
Circuit sram_1rw1r_64x256_row_addr_dff contains 7 device instances.
  Class: sky130_fd_bd_sram__openram_dff instances:   7
Circuit contains 24 nets.

Circuit 1 contains 7 devices, Circuit 2 contains 7 devices.
Circuit 1 contains 24 nets,    Circuit 2 contains 24 nets.


Contents of circuit 1:  Circuit: 'sram_1rw1r_64x256_data_dff'
Circuit sram_1rw1r_64x256_data_dff contains 64 device instances.
  Class: sky130_fd_bd_sram__openram_dff instances:  64
Circuit contains 195 nets.
Contents of circuit 2:  Circuit: 'sram_1rw1r_64x256_data_dff'
Circuit sram_1rw1r_64x256_data_dff contains 64 device instances.
  Class: sky130_fd_bd_sram__openram_dff instances:  64
Circuit contains 195 nets.

Circuit 1 contains 64 devices, Circuit 2 contains 64 devices.
Circuit 1 contains 195 nets,    Circuit 2 contains 195 nets.


Contents of circuit 1:  Circuit: 'sram_1rw1r_64x256'
Circuit sram_1rw1r_64x256 contains 3841 device instances.
  Class: sram_1rw1r_64x256_precharge_array_0 instances:   1
  Class: sram_1rw1r_64x256_row_addr_dff instances:   2
  Class: sram_1rw1r_64x256_pand2 instances:   4
  Class: sram_1rw1r_64x256_pinv_7 instances:   4
  Class: sram_1rw1r_64x256_pdriver_1 instances:   2
  Class: sram_1rw1r_64x256_pinv_13 instances:   2
  Class: sram_1rw1r_64x256_pinv_dec_0 instances: 258
  Class: sram_1rw1r_64x256_dff_buf_array_0 instances:   1
  Class: sram_1rw1r_64x256_precharge_array instances:   1
  Class: sky130_fd_bd_sram__openram_dp_nand3_dec instances: 272
  Class: sky130_fd_pr__pfet_01v8 instances: 1495
  Class: sram_1rw1r_64x256_dff_buf_array instances:   1
  Class: sram_1rw1r_64x256_pinv_0 instances:   2
  Class: sram_1rw1r_64x256_pinv_8 instances:   4
  Class: sram_1rw1r_64x256_column_mux_array_0 instances:   1
  Class: sky130_fd_bd_sram__openram_dp_nand2_dec instances: 274
  Class: sram_1rw1r_64x256_pand3 instances:   1
  Class: sram_1rw1r_64x256_pnand2_0 instances:   2
  Class: sram_1rw1r_64x256_pinv_6 instances:   4
  Class: sram_1rw1r_64x256_pinv_10 instances:   1
  Class: sram_1rw1r_64x256_data_dff instances:   1
  Class: sky130_fd_pr__nfet_01v8 instances: 1495
  Class: sram_1rw1r_64x256_pand3_0 instances:   2
  Class: sram_1rw1r_64x256_capped_replica_bitcell_array instances:   1
  Class: sram_1rw1r_64x256_column_mux_array instances:   1
  Class: sram_1rw1r_64x256_pinv_1 instances:   4
  Class: sram_1rw1r_64x256_pinv_15 instances:   1
  Class: sram_1rw1r_64x256_pinv_9 instances:   2
  Class: sram_1rw1r_64x256_col_addr_dff instances:   2
Circuit contains 3155 nets.
Contents of circuit 2:  Circuit: 'sram_1rw1r_64x256'
Circuit sram_1rw1r_64x256 contains 3841 device instances.
  Class: sram_1rw1r_64x256_precharge_array_0 instances:   1
  Class: sram_1rw1r_64x256_row_addr_dff instances:   2
  Class: sram_1rw1r_64x256_pand2 instances:   4
  Class: sram_1rw1r_64x256_pinv_7 instances:   4
  Class: sram_1rw1r_64x256_pdriver_1 instances:   2
  Class: sram_1rw1r_64x256_pinv_13 instances:   2
  Class: sram_1rw1r_64x256_pinv_dec_0 instances: 258
  Class: sram_1rw1r_64x256_dff_buf_array_0 instances:   1
  Class: sram_1rw1r_64x256_precharge_array instances:   1
  Class: sky130_fd_bd_sram__openram_dp_nand3_dec instances: 272
  Class: sky130_fd_pr__pfet_01v8 instances: 1495
  Class: sram_1rw1r_64x256_dff_buf_array instances:   1
  Class: sram_1rw1r_64x256_pinv_0 instances:   2
  Class: sram_1rw1r_64x256_pinv_8 instances:   4
  Class: sram_1rw1r_64x256_column_mux_array_0 instances:   1
  Class: sky130_fd_bd_sram__openram_dp_nand2_dec instances: 274
  Class: sram_1rw1r_64x256_pand3 instances:   1
  Class: sram_1rw1r_64x256_pnand2_0 instances:   2
  Class: sram_1rw1r_64x256_pinv_6 instances:   4
  Class: sram_1rw1r_64x256_pinv_10 instances:   1
  Class: sram_1rw1r_64x256_data_dff instances:   1
  Class: sky130_fd_pr__nfet_01v8 instances: 1088
  Class: sram_1rw1r_64x256_pand3_0 instances:   2
  Class: sram_1rw1r_64x256_capped_replica_bitcell_array instances:   1
  Class: sram_1rw1r_64x256_column_mux_array instances:   1
  Class: sram_1rw1r_64x256_pinv_1 instances:   4
  Class: sram_1rw1r_64x256_pinv_15 instances:   1
  Class: sram_1rw1r_64x256_pinv_9 instances:   2
  Class: sram_1rw1r_64x256_col_addr_dff instances:   2
  Class: sky130_fd_pr__special_nfet_01v8 instances: 407
Circuit contains 3155 nets.

Circuit 1 contains 3841 devices, Circuit 2 contains 3841 devices.
Circuit 1 contains 3155 nets,    Circuit 2 contains 3155 nets.


Final result: 
Netlists do not match.
Port matching may fail to disambiguate symmetries.

The following cells had property errors:
 sram_1rw1r_64x256_replica_column
 sram_1rw1r_64x256_replica_column_0
 sram_1rw1r_64x256_capped_replica_bitcell_array

Logging to file "sram_1rw1r_64x256.lvs.report" disabled
LVS Done.
Sat Sep 19 05:01:14 AM -03 2026: Finished (0) LVS using Netgen /nix/store/h3crgmx1w7h86qjpr131igi7p576mp3x-netgen-1.5.318/bin/netgen
