OpenRAM: Nix devShell (venv on PATH: /home/lukas/Projects/OpenRAM/compiler/.venv)
Sat Sep 19 04:44:36 AM -03 2026: Starting DRC using Magic /nix/store/1zcyq032zc3mzhmgs2j3q2rmfrjj5v6b-magic-vlsi-8.3.629/bin/magic

Magic 8.3 revision 629 - Compiled on Thu Apr  9 04:26:22 UTC 2026.
Starting magic under Tcl interpreter
Using the terminal as the console.
WARNING: RLIMIT_NOFILE is above 1024 and Tcl_Version<9 this may cause runtime issues [rlim_cur=1048576]
Using NULL graphics device.
Processing system .magicrc file
Switching to WIRING tool.
Switching to NETLIST tool.
Switching to PICK tool.
Switching to BOX tool.
Sourcing design .magicrc for technology sky130A ...
2 Magic internal units = 1 Lambda
Input style sky130(vendor): scaleFactor=2, multiplier=2
The following types are not handled by extraction and will be treated as non-electrical types:
    ubm 
Scaled tech values by 2 / 1 to match internal grid scaling
Loading sky130A Device Generator Menu ...
Using technology "sky130A", version 1.0.291-63-ge829452
Cell sram_1rw1r_64x256 read from current working directory
sram_1rw1r_64x256: 10000 rects
sram_1rw1r_64x256: 20000 rects
Finished loading cell sram_1rw1r_64x256
Cell sram_1rw1r_64x256_col_addr_dff read from current working directory
Cell sky130_fd_bd_sram__openram_dff read from current working directory
Cell sram_1rw1r_64x256_contact_38 read from current working directory
Scaled magic input cell sram_1rw1r_64x256_contact_38 geometry by factor of 2
Cell sram_1rw1r_64x256_control_logic_rw read from current working directory
Cell sram_1rw1r_64x256_pnand2_0 read from current working directory
Cell sram_1rw1r_64x256_pinv read from current working directory
Cell sram_1rw1r_64x256_pdriver_4 read from current working directory
Cell sram_1rw1r_64x256_pinv_13 read from current working directory
Cell sram_1rw1r_64x256_pinv_8 read from current working directory
Cell sram_1rw1r_64x256_pinv_7 read from current working directory
Cell sram_1rw1r_64x256_pinv_6 read from current working directory
Cell sram_1rw1r_64x256_pinv_5 read from current working directory
Cell sram_1rw1r_64x256_pdriver_1 read from current working directory
Cell sram_1rw1r_64x256_pinv_9 read from current working directory
Cell sram_1rw1r_64x256_pdriver_0 read from current working directory
Cell sram_1rw1r_64x256_pinv_10 read from current working directory
Cell sram_1rw1r_64x256_pand3_0 read from current working directory
Cell sram_1rw1r_64x256_pnand3 read from current working directory
Cell sram_1rw1r_64x256_pdriver_3 read from current working directory
Cell sram_1rw1r_64x256_pinv_12 read from current working directory
Cell sram_1rw1r_64x256_pand3 read from current working directory
Cell sram_1rw1r_64x256_pdriver_2 read from current working directory
Cell sram_1rw1r_64x256_pinv_11 read from current working directory
Cell sram_1rw1r_64x256_pand2 read from current working directory
Cell sram_1rw1r_64x256_pnand2 read from current working directory
Cell sram_1rw1r_64x256_pdriver read from current working directory
Cell sram_1rw1r_64x256_pinv_2 read from current working directory
Cell sram_1rw1r_64x256_dff_buf_array read from current working directory
Cell sram_1rw1r_64x256_dff_buf_0 read from current working directory
Cell sram_1rw1r_64x256_pinv_1 read from current working directory
Cell sram_1rw1r_64x256_pinv_0 read from current working directory
Cell sram_1rw1r_64x256_delay_chain read from current working directory
Cell sram_1rw1r_64x256_pinv_14 read from current working directory
Cell sram_1rw1r_64x256_cr_3 read from current working directory
Cell sram_1rw1r_64x256_cr_4 read from current working directory
Cell sram_1rw1r_64x256_data_dff read from current working directory
Cell sram_1rw1r_64x256_row_addr_dff read from current working directory
Cell sram_1rw1r_64x256_control_logic_r read from current working directory
Cell sram_1rw1r_64x256_pdriver_5 read from current working directory
Cell sram_1rw1r_64x256_pinv_15 read from current working directory
Cell sram_1rw1r_64x256_dff_buf_array_0 read from current working directory
Cell sram_1rw1r_64x256_cr_5 read from current working directory
Cell sram_1rw1r_64x256_bank read from current working directory
Cell sram_1rw1r_64x256_port_data_0 read from current working directory
Cell sram_1rw1r_64x256_sense_amp_array read from current working directory
Cell sky130_fd_bd_sram__openram_sense_amp read from current working directory
Cell sram_1rw1r_64x256_precharge_array_0 read from current working directory
Cell sram_1rw1r_64x256_precharge_1 read from current working directory
Cell sram_1rw1r_64x256_column_mux_array_0 read from current working directory
Cell sram_1rw1r_64x256_column_mux_0 read from current working directory
Cell sram_1rw1r_64x256_port_data read from current working directory
Cell sram_1rw1r_64x256_write_driver_array read from current working directory
Cell sky130_fd_bd_sram__openram_write_driver read from current working directory
Cell sram_1rw1r_64x256_precharge_array read from current working directory
Cell sram_1rw1r_64x256_precharge_0 read from current working directory
Cell sram_1rw1r_64x256_column_mux_array read from current working directory
Cell sram_1rw1r_64x256_column_mux read from current working directory
Cell sram_1rw1r_64x256_port_address_0 read from current working directory
Cell sram_1rw1r_64x256_wordline_driver_array read from current working directory
sram_1rw1r_64x256_wordline_driver_array: 10000 rects
Cell sram_1rw1r_64x256_wordline_driver read from current working directory
Cell sram_1rw1r_64x256_pinv_dec_0 read from current working directory
Cell sky130_fd_bd_sram__openram_dp_nand2_dec read from current working directory
Cell sram_1rw1r_64x256_hierarchical_decoder read from current working directory
sram_1rw1r_64x256_hierarchical_decoder: 10000 rects
Cell sram_1rw1r_64x256_hierarchical_predecode3x8 read from current working directory
Cell sram_1rw1r_64x256_pinv_dec read from current working directory
Cell sram_1rw1r_64x256_and3_dec read from current working directory
Cell sky130_fd_bd_sram__openram_dp_nand3_dec read from current working directory
Cell sram_1rw1r_64x256_hierarchical_predecode2x4 read from current working directory
Cell sram_1rw1r_64x256_and2_dec read from current working directory
Cell sram_1rw1r_64x256_and2_dec_0 read from current working directory
Cell sram_1rw1r_64x256_port_address read from current working directory
Cell sram_1rw1r_64x256_column_decoder read from current working directory
Cell sram_1rw1r_64x256_pinvbuf read from current working directory
Cell sram_1rw1r_64x256_capped_replica_bitcell_array read from current working directory
Cell sram_1rw1r_64x256_row_cap_array_0 read from current working directory
Cell sky130_fd_bd_sram__openram_dp_cell_cap_row read from current working directory
Cell sram_1rw1r_64x256_row_cap_array read from current working directory
Cell sram_1rw1r_64x256_replica_bitcell_array read from current working directory
sram_1rw1r_64x256_replica_bitcell_array: 10000 rects
sram_1rw1r_64x256_replica_bitcell_array: 20000 rects
sram_1rw1r_64x256_replica_bitcell_array: 30000 rects
Cell sram_1rw1r_64x256_replica_column_0 read from current working directory
Cell sky130_fd_bd_sram__openram_dp_cell_replica read from current working directory
Cell sky130_fd_bd_sram__openram_dp_cell_dummy read from current working directory
Cell sram_1rw1r_64x256_replica_column read from current working directory
Cell sram_1rw1r_64x256_dummy_array read from current working directory
Cell sram_1rw1r_64x256_bitcell_array read from current working directory
sram_1rw1r_64x256_bitcell_array: 10000 rects
sram_1rw1r_64x256_bitcell_array: 20000 rects
sram_1rw1r_64x256_bitcell_array: 30000 rects
Cell sky130_fd_bd_sram__openram_dp_cell read from current working directory
Cell sram_1rw1r_64x256_col_cap_array read from current working directory
Cell sky130_fd_bd_sram__openram_dp_cell_cap_col read from current working directory
Cell sram_1rw1r_64x256_col_cap_array_0 read from current working directory
Processing timestamp mismatches.
Timestamp mismatches found in these cells: sky130_fd_bd_sram__openram_dp_cell_replica, sky130_fd_bd_sram__openram_dp_cell_dummy, sky130_fd_bd_sram__openram_dp_cell.
Finished expanding
Finished drc check
Loading DRC CIF style.
Finished drc catchup
Total DRC errors found: 2
Sat Sep 19 04:44:47 AM -03 2026: Finished (0) DRC using Magic /nix/store/1zcyq032zc3mzhmgs2j3q2rmfrjj5v6b-magic-vlsi-8.3.629/bin/magic
